Archive member included to satisfy reference by file (symbol)

d:/program files (x86)/atmel/7.0/toolchain/avr8/avr8-gnu-toolchain/bin/../lib/gcc/avr/5.4.0/../../../../avr/lib/avrxmega7\libm.a(addsf3.o)
                              src/drivers/adc_sensors.o (__subsf3)
d:/program files (x86)/atmel/7.0/toolchain/avr8/avr8-gnu-toolchain/bin/../lib/gcc/avr/5.4.0/../../../../avr/lib/avrxmega7\libm.a(addsf3x.o)
                              d:/program files (x86)/atmel/7.0/toolchain/avr8/avr8-gnu-toolchain/bin/../lib/gcc/avr/5.4.0/../../../../avr/lib/avrxmega7\libm.a(addsf3.o) (__addsf3x)
d:/program files (x86)/atmel/7.0/toolchain/avr8/avr8-gnu-toolchain/bin/../lib/gcc/avr/5.4.0/../../../../avr/lib/avrxmega7\libm.a(divsf3.o)
                              src/drivers/adc_sensors.o (__divsf3)
d:/program files (x86)/atmel/7.0/toolchain/avr8/avr8-gnu-toolchain/bin/../lib/gcc/avr/5.4.0/../../../../avr/lib/avrxmega7\libm.a(divsf3x.o)
                              d:/program files (x86)/atmel/7.0/toolchain/avr8/avr8-gnu-toolchain/bin/../lib/gcc/avr/5.4.0/../../../../avr/lib/avrxmega7\libm.a(divsf3.o) (__divsf3x)
d:/program files (x86)/atmel/7.0/toolchain/avr8/avr8-gnu-toolchain/bin/../lib/gcc/avr/5.4.0/../../../../avr/lib/avrxmega7\libm.a(fixunssfsi.o)
                              src/drivers/Servo90Driver.o (__fixunssfsi)
d:/program files (x86)/atmel/7.0/toolchain/avr8/avr8-gnu-toolchain/bin/../lib/gcc/avr/5.4.0/../../../../avr/lib/avrxmega7\libm.a(floatsisf.o)
                              src/drivers/adc_sensors.o (__floatunsisf)
d:/program files (x86)/atmel/7.0/toolchain/avr8/avr8-gnu-toolchain/bin/../lib/gcc/avr/5.4.0/../../../../avr/lib/avrxmega7\libm.a(fp_inf.o)
                              d:/program files (x86)/atmel/7.0/toolchain/avr8/avr8-gnu-toolchain/bin/../lib/gcc/avr/5.4.0/../../../../avr/lib/avrxmega7\libm.a(addsf3x.o) (__fp_inf)
d:/program files (x86)/atmel/7.0/toolchain/avr8/avr8-gnu-toolchain/bin/../lib/gcc/avr/5.4.0/../../../../avr/lib/avrxmega7\libm.a(fp_nan.o)
                              d:/program files (x86)/atmel/7.0/toolchain/avr8/avr8-gnu-toolchain/bin/../lib/gcc/avr/5.4.0/../../../../avr/lib/avrxmega7\libm.a(addsf3x.o) (__fp_nan)
d:/program files (x86)/atmel/7.0/toolchain/avr8/avr8-gnu-toolchain/bin/../lib/gcc/avr/5.4.0/../../../../avr/lib/avrxmega7\libm.a(fp_pscA.o)
                              d:/program files (x86)/atmel/7.0/toolchain/avr8/avr8-gnu-toolchain/bin/../lib/gcc/avr/5.4.0/../../../../avr/lib/avrxmega7\libm.a(addsf3x.o) (__fp_pscA)
d:/program files (x86)/atmel/7.0/toolchain/avr8/avr8-gnu-toolchain/bin/../lib/gcc/avr/5.4.0/../../../../avr/lib/avrxmega7\libm.a(fp_pscB.o)
                              d:/program files (x86)/atmel/7.0/toolchain/avr8/avr8-gnu-toolchain/bin/../lib/gcc/avr/5.4.0/../../../../avr/lib/avrxmega7\libm.a(addsf3x.o) (__fp_pscB)
d:/program files (x86)/atmel/7.0/toolchain/avr8/avr8-gnu-toolchain/bin/../lib/gcc/avr/5.4.0/../../../../avr/lib/avrxmega7\libm.a(fp_round.o)
                              d:/program files (x86)/atmel/7.0/toolchain/avr8/avr8-gnu-toolchain/bin/../lib/gcc/avr/5.4.0/../../../../avr/lib/avrxmega7\libm.a(addsf3.o) (__fp_round)
d:/program files (x86)/atmel/7.0/toolchain/avr8/avr8-gnu-toolchain/bin/../lib/gcc/avr/5.4.0/../../../../avr/lib/avrxmega7\libm.a(fp_split3.o)
                              d:/program files (x86)/atmel/7.0/toolchain/avr8/avr8-gnu-toolchain/bin/../lib/gcc/avr/5.4.0/../../../../avr/lib/avrxmega7\libm.a(addsf3x.o) (__fp_split3)
d:/program files (x86)/atmel/7.0/toolchain/avr8/avr8-gnu-toolchain/bin/../lib/gcc/avr/5.4.0/../../../../avr/lib/avrxmega7\libm.a(fp_zero.o)
                              d:/program files (x86)/atmel/7.0/toolchain/avr8/avr8-gnu-toolchain/bin/../lib/gcc/avr/5.4.0/../../../../avr/lib/avrxmega7\libm.a(addsf3x.o) (__fp_zero)
d:/program files (x86)/atmel/7.0/toolchain/avr8/avr8-gnu-toolchain/bin/../lib/gcc/avr/5.4.0/../../../../avr/lib/avrxmega7\libm.a(gesf2.o)
                              src/drivers/Servo90Driver.o (__gtsf2)
d:/program files (x86)/atmel/7.0/toolchain/avr8/avr8-gnu-toolchain/bin/../lib/gcc/avr/5.4.0/../../../../avr/lib/avrxmega7\libm.a(log.o)
                              src/drivers/adc_sensors.o (log)
d:/program files (x86)/atmel/7.0/toolchain/avr8/avr8-gnu-toolchain/bin/../lib/gcc/avr/5.4.0/../../../../avr/lib/avrxmega7\libm.a(mulsf3.o)
                              src/drivers/adc_sensors.o (__mulsf3)
d:/program files (x86)/atmel/7.0/toolchain/avr8/avr8-gnu-toolchain/bin/../lib/gcc/avr/5.4.0/../../../../avr/lib/avrxmega7\libm.a(mulsf3x.o)
                              d:/program files (x86)/atmel/7.0/toolchain/avr8/avr8-gnu-toolchain/bin/../lib/gcc/avr/5.4.0/../../../../avr/lib/avrxmega7\libm.a(log.o) (__mulsf3x)
d:/program files (x86)/atmel/7.0/toolchain/avr8/avr8-gnu-toolchain/bin/../lib/gcc/avr/5.4.0/../../../../avr/lib/avrxmega7\libm.a(fp_cmp.o)
[...]
Memory Configuration

Name             Origin             Length             Attributes
text             0x00000000         0x00100000         xr
data             0x00802000         0x0000ffa0         rw !x
eeprom           0x00810000         0x00010000         rw !x
fuse             0x00820000         0x00000006         rw !x
lock             0x00830000         0x00000400         rw !x
signature        0x00840000         0x00000400         rw !x
user_signatures  0x00850000         0x00000400         rw !x
*default*        0x00000000         0xffffffff

Linker script and memory map

LOAD D:/Program Files (x86)/Atmel/7.0/Packs/atmel/XMEGAA_DFP/1.1.68/gcc/dev/atxmega128a1u/avrxmega7/crtatxmega128a1u.o
LOAD src/ASF/common/utils/stdio/read.o
LOAD src/ASF/xmega/drivers/adc/adc.o
LOAD src/ASF/xmega/drivers/twi/twim.o
LOAD src/ASF/xmega/drivers/usart/usart.o
LOAD src/drivers/adc_sensors.o
LOAD src/drivers/ContServ.o
LOAD src/drivers/m_gps.o
LOAD src/drivers/m_ms5607.o
LOAD src/ASF/xmega/drivers/twi/twis.o
LOAD src/ASF/xmega/drivers/adc/xmega_aau/adc_aau.o
LOAD src/ASF/common/utils/stdio/write.o
LOAD src/ASF/common/services/spi/xmega_spi/spi_master.o
LOAD src/ASF/common/services/sleepmgr/xmega/sleepmgr.o
LOAD src/ASF/common/services/serial/usart_serial.o
LOAD src/ASF/common/services/clock/xmega/sysclk.o
LOAD src/ASF/common/services/fifo/fifo.o
LOAD src/ASF/xmega/drivers/nvm/nvm.o
LOAD src/ASF/xmega/drivers/rtc/rtc.o
LOAD src/ASF/xmega/drivers/spi/spi.o
LOAD src/ASF/xmega/drivers/tc/tc.o
LOAD src/ASF/xmega/drivers/wdt/wdt.o
LOAD src/ASF/xmega/services/pwm/pwm.o
LOAD src/ASF/xmega/drivers/nvm/nvm_asm.o
LOAD src/ASF/xmega/drivers/cpu/ccp.o
LOAD src/ASF/common/services/ioport/xmega/ioport_compat.o
LOAD src/ASF/xmega/boards/xmega_a1u_xplained_pro/board_init.o
LOAD src/drivers/OpenLog.o
LOAD src/drivers/Servo90Driver.o
LOAD src/drivers/TCLibrary.o
LOAD src/drivers/uart.o
LOAD src/main.o
START GROUP
LOAD d:/program files (x86)/atmel/7.0/toolchain/avr8/avr8-gnu-toolchain/bin/../lib/gcc/avr/5.4.0/../../../../avr/lib/avrxmega7\libm.a
LOAD d:/program files (x86)/atmel/7.0/toolchain/avr8/avr8-gnu-toolchain/bin/../lib/gcc/avr/5.4.0/../../../../avr/lib/avrxmega7\libprintf_flt.a
END GROUP
Address of section .BOOT set to 0x20000
START GROUP
LOAD d:/program files (x86)/atmel/7.0/toolchain/avr8/avr8-gnu-toolchain/bin/../lib/gcc/avr/5.4.0/avrxmega7\libgcc.a
LOAD d:/program files (x86)/atmel/7.0/toolchain/avr8/avr8-gnu-toolchain/bin/../lib/gcc/avr/5.4.0/../../../../avr/lib/avrxmega7\libm.a
LOAD d:/program files (x86)/atmel/7.0/toolchain/avr8/avr8-gnu-toolchain/bin/../lib/gcc/avr/5.4.0/../../../../avr/lib/avrxmega7\libc.a
LOAD D:/Program Files (x86)/Atmel/7.0/Packs/atmel/XMEGAA_DFP/1.1.68/gcc/dev/atxmega128a1u/avrxmega7\libatxmega128a1u.a
END GROUP
                0x00100000                __TEXT_REGION_LENGTH__ = DEFINED (__TEXT_REGION_LENGTH__)?__TEXT_REGION_LENGTH__:0x100000
                0x0000ffa0                __DATA_REGION_LENGTH__ = DEFINED (__DATA_REGION_LENGTH__)?__DATA_REGION_LENGTH__:0xffa0
                0x00010000                __EEPROM_REGION_LENGTH__ = DEFINED (__EEPROM_REGION_LENGTH__)?__EEPROM_REGION_LENGTH__:0x10000
                [0x00000006]                __FUSE_REGION_LENGTH__ = DEFINED (__FUSE_REGION_LENGTH__)?__FUSE_REGION_LENGTH__:0x400
                0x00000400                __LOCK_REGION_LENGTH__ = DEFINED (__LOCK_REGION_LENGTH__)?__LOCK_REGION_LENGTH__:0x400
                0x00000400                __SIGNATURE_REGION_LENGTH__ = DEFINED (__SIGNATURE_REGION_LENGTH__)?__SIGNATURE_REGION_LENGTH__:0x400
                0x00000400                __USER_SIGNATURE_REGION_LENGTH__ = DEFINED (__USER_SIGNATURE_REGION_LENGTH__)?__USER_SIGNATURE_REGION_LENGTH__:0x400

.hash
 *(.hash)

.dynsym
 *(.dynsym)

.dynstr
 *(.dynstr)

.gnu.version
 *(.gnu.version)

.gnu.version_d
 *(.gnu.version_d)

.gnu.version_r
 *(.gnu.version_r)

.rel.init
 *(.rel.init)

.rela.init
 *(.rela.init)

.rel.text
 *(.rel.text)
 *(.rel.text.*)
 *(.rel.gnu.linkonce.t*)

.rela.text
 *(.rela.text)
 *(.rela.text.*)
 *(.rela.gnu.linkonce.t*)

.rel.fini
 *(.rel.fini)

.rela.fini
 *(.rela.fini)

.rel.rodata
 *(.rel.rodata)
 *(.rel.rodata.*)
 *(.rel.gnu.linkonce.r*)

.rela.rodata
 *(.rela.rodata)
 *(.rela.rodata.*)
 *(.rela.gnu.linkonce.r*)

.rel.data
 *(.rel.data)
 *(.rel.data.*)
 *(.rel.gnu.linkonce.d*)

.rela.data
 *(.rela.data)
 *(.rela.data.*)
 *(.rela.gnu.linkonce.d*)

.rel.ctors
 *(.rel.ctors)

.rela.ctors
 *(.rela.ctors)

.rel.dtors
 *(.rel.dtors)

.rela.dtors
 *(.rela.dtors)

.rel.got
 *(.rel.got)

.rela.got
 *(.rela.got)

.rel.bss
 *(.rel.bss)

.rela.bss
 *(.rela.bss)

.rel.plt
 *(.rel.plt)

.rela.plt
 *(.rela.plt)

.text           0x00000000     0x3284
 *(.vectors)
 .vectors       0x00000000      0x1fc D:/Program Files (x86)/Atmel/7.0/Packs/atmel/XMEGAA_DFP/1.1.68/gcc/dev/atxmega128a1u/avrxmega7/crtatxmega128a1u.o
                0x00000000                __vector_default
                0x00000000                __vectors
 *(.vectors)
 *(.progmem.gcc*)
                0x000001fc                . = ALIGN (0x2)
                0x000001fc                __trampolines_start = .
 *(.trampolines)
 .trampolines   0x000001fc        0x0 linker stubs
 *(.trampolines*)
                0x000001fc                __trampolines_end = .
 *libprintf_flt.a:*(.progmem.data)
 .progmem.data  0x000001fc        0x8 d:/program files (x86)/atmel/7.0/toolchain/avr8/avr8-gnu-toolchain/bin/../lib/gcc/avr/5.4.0/../../../../avr/lib/avrxmega7\libprintf_flt.a(vfprintf_flt.o)
 *libc.a:*(.progmem.data)
 .progmem.data  0x00000204       0xfa d:/program files (x86)/atmel/7.0/toolchain/avr8/avr8-gnu-toolchain/bin/../lib/gcc/avr/5.4.0/../../../../avr/lib/avrxmega7\libc.a(ftoa_engine.o)
 *(.progmem*)
                0x000002fe                . = ALIGN (0x2)
 *(.jumptables)
 *(.jumptables*)
 *(.lowtext)
 *(.lowtext*)
                0x000002fe                __ctors_start = .
 *(.ctors)
                0x000002fe                __ctors_end = .
                0x000002fe                __dtors_start = .
 *(.dtors)
                0x000002fe                __dtors_end = .
 SORT(*)(.ctors)
 SORT(*)(.dtors)
 *(.init0)
 .init0         0x000002fe        0x0 D:/Program Files (x86)/Atmel/7.0/Packs/atmel/XMEGAA_DFP/1.1.68/gcc/dev/atxmega128a1u/avrxmega7/crtatxmega128a1u.o
                0x000002fe                __init
 *(.init0)
 *(.init1)
 *(.init1)
 *(.init2)
 .init2         0x000002fe       0x18 D:/Program Files (x86)/Atmel/7.0/Packs/atmel/XMEGAA_DFP/1.1.68/gcc/dev/atxmega128a1u/avrxmega7/crtatxmega128a1u.o
 *(.init2)
 *(.init3)
 *(.init3)
 *(.init4)
 .init4         0x00000316       0x1c d:/program files (x86)/atmel/7.0/toolchain/avr8/avr8-gnu-toolchain/bin/../lib/gcc/avr/5.4.0/avrxmega7\libgcc.a(_copy_data.o)
                0x00000316                __do_copy_data
 .init4         0x00000332       0x10 d:/program files (x86)/atmel/7.0/toolchain/avr8/avr8-gnu-toolchain/bin/../lib/gcc/avr/5.4.0/avrxmega7\libgcc.a(_clear_bss.o)
                0x00000332                __do_clear_bss
 *(.init4)
 *(.init5)
 *(.init5)
 *(.init6)
 *(.init6)
 *(.init7)
 *(.init7)
 *(.init8)
 *(.init8)
 *(.init9)
 .init9         0x00000342        0x8 D:/Program Files (x86)/Atmel/7.0/Packs/atmel/XMEGAA_DFP/1.1.68/gcc/dev/atxmega128a1u/avrxmega7/crtatxmega128a1u.o
 *(.init9)
 *(.text)
 .text          0x0000034a        0x2 D:/Program Files (x86)/Atmel/7.0/Packs/atmel/XMEGAA_DFP/1.1.68/gcc/dev/atxmega128a1u/avrxmega7/crtatxmega128a1u.o
                0x0000034a                __vector_38
                0x0000034a                __vector_104
                0x0000034a                __vector_63
                0x0000034a                __vector_28
                0x0000034a                __vector_67
                0x0000034a                __vector_1
                0x0000034a                __vector_119
                0x0000034a                __vector_32
                0x0000034a                __vector_75
                0x0000034a                __vector_91
                0x0000034a                __vector_34
                0x0000034a                __vector_62
                0x0000034a                __vector_102
                0x0000034a                __vector_24
                0x0000034a                __vector_12
                0x0000034a                __vector_69
                0x0000034a                __vector_90
                0x0000034a                __bad_interrupt
                0x0000034a                __vector_122
                0x0000034a                __vector_6
                0x0000034a                __vector_31
                0x0000034a                __vector_92
                0x0000034a                __vector_35
                0x0000034a                __vector_3
                0x0000034a                __vector_105
                0x0000034a                __vector_98
                0x0000034a                __vector_68
                0x0000034a                __vector_30
                0x0000034a                __vector_45
                0x0000034a                __vector_25
                0x0000034a                __vector_93
                0x0000034a                __vector_99
                0x0000034a                __vector_7
                0x0000034a                __vector_125
                0x0000034a                __vector_123
                0x0000034a                __vector_100
                0x0000034a                __vector_101
                0x0000034a                __vector_64
                0x0000034a                __vector_88
                0x0000034a                __vector_43
                0x0000034a                __vector_27
                0x0000034a                __vector_5
                0x0000034a                __vector_33
                0x0000034a                __vector_37
                0x0000034a                __vector_95
                0x0000034a                __vector_103
                0x0000034a                __vector_96
                0x0000034a                __vector_89
                0x0000034a                __vector_4
                0x0000034a                __vector_44
                0x0000034a                __vector_106
                0x0000034a                __vector_118
                0x0000034a                __vector_9
                0x0000034a                __vector_2
                0x0000034a                __vector_66
                0x0000034a                __vector_36
                0x0000034a                __vector_58
                0x0000034a                __vector_70
                0x0000034a                __vector_29
                0x0000034a                __vector_60
                0x0000034a                __vector_121
                0x0000034a                __vector_94
                0x0000034a                __vector_126
                0x0000034a                __vector_8
                0x0000034a                __vector_26
                0x0000034a                __vector_124
                0x0000034a                __vector_57
                0x0000034a                __vector_59
                0x0000034a                __vector_97
                0x0000034a                __vector_87
                0x0000034a                __vector_65
                0x0000034a                __vector_120
                0x0000034c                . = ALIGN (0x2)
 *(.text.*)
 .text._read    0x0000034c       0x32 src/ASF/common/utils/stdio/read.o
                0x0000034c                _read
 .text.twim_interrupt_handler
                0x0000037e      0x12e src/ASF/xmega/drivers/twi/twim.o
 .text.__vector_13
                0x000004ac       0x64 src/ASF/xmega/drivers/twi/twim.o
                0x000004ac                __vector_13
 .text.__vector_76
                0x00000510       0x64 src/ASF/xmega/drivers/twi/twim.o
                0x00000510                __vector_76
 .text.__vector_46
                0x00000574       0x64 src/ASF/xmega/drivers/twi/twim.o
                0x00000574                __vector_46
 .text.__vector_107
                0x000005d8       0x64 src/ASF/xmega/drivers/twi/twim.o
                0x000005d8                __vector_107
 .text.usart_putchar
                0x0000063c       0x10 src/ASF/xmega/drivers/usart/usart.o
                0x0000063c                usart_putchar
 .text.usart_getchar
                0x0000064c        0xc src/ASF/xmega/drivers/usart/usart.o
                0x0000064c                usart_getchar
 .text.usart_set_baudrate
                0x00000658      0x226 src/ASF/xmega/drivers/usart/usart.o
                0x00000658                usart_set_baudrate
 .text.usart_init_rs232
                0x0000087e      0x2c2 src/ASF/xmega/drivers/usart/usart.o
                0x0000087e                usart_init_rs232
 .text.__vector_71
                0x00000b40       0x7a src/ASF/xmega/drivers/adc/xmega_aau/adc_aau.o
                0x00000b40                __vector_71
 .text.__vector_72
                0x00000bba       0x7a src/ASF/xmega/drivers/adc/xmega_aau/adc_aau.o
                0x00000bba                __vector_72
 .text.__vector_73
                0x00000c34       0x7a src/ASF/xmega/drivers/adc/xmega_aau/adc_aau.o
                0x00000c34                __vector_73
 .text.__vector_74
                0x00000cae       0x7a src/ASF/xmega/drivers/adc/xmega_aau/adc_aau.o
                0x00000cae                __vector_74
 .text.__vector_39
                0x00000d28       0x7a src/ASF/xmega/drivers/adc/xmega_aau/adc_aau.o
                0x00000d28                __vector_39
 .text.__vector_40
                0x00000da2       0x7a src/ASF/xmega/drivers/adc/xmega_aau/adc_aau.o
                0x00000da2                __vector_40
 .text.__vector_41
                0x00000e1c       0x7a src/ASF/xmega/drivers/adc/xmega_aau/adc_aau.o
                0x00000e1c                __vector_41
 .text.__vector_42
                0x00000e96       0x7a src/ASF/xmega/drivers/adc/xmega_aau/adc_aau.o
                0x00000e96                __vector_42
 .text._write   0x00000f10       0x24 src/ASF/common/utils/stdio/write.o
                0x00000f10                _write
 .text.sysclk_init
                0x00000f34       0x6c src/ASF/common/services/clock/xmega/sysclk.o
                0x00000f34                sysclk_init
 .text.sysclk_enable_module
                0x00000fa0       0x2c src/ASF/common/services/clock/xmega/sysclk.o
                0x00000fa0                sysclk_enable_module
 .text.__vector_10
                0x00000fcc       0x46 src/ASF/xmega/drivers/rtc/rtc.o
                0x00000fcc                __vector_10
 .text.__vector_11
                0x00001012      0x108 src/ASF/xmega/drivers/rtc/rtc.o
                0x00001012                __vector_11
 .text.__vector_14
                0x0000111a       0x70 src/ASF/xmega/drivers/tc/tc.o
                0x0000111a                __vector_14
 .text.__vector_15
                0x0000118a       0x70 src/ASF/xmega/drivers/tc/tc.o
                0x0000118a                __vector_15
 .text.__vector_16
                0x000011fa       0x70 src/ASF/xmega/drivers/tc/tc.o
                0x000011fa                __vector_16
 .text.__vector_17
                0x0000126a       0x70 src/ASF/xmega/drivers/tc/tc.o
                0x0000126a                __vector_17
 .text.__vector_18
                0x000012da       0x70 src/ASF/xmega/drivers/tc/tc.o
                0x000012da                __vector_18
 .text.__vector_19
                0x0000134a       0x70 src/ASF/xmega/drivers/tc/tc.o
                0x0000134a                __vector_19
 .text.__vector_20
                0x000013ba       0x70 src/ASF/xmega/drivers/tc/tc.o
                0x000013ba                __vector_20
 .text.__vector_21
                0x0000142a       0x70 src/ASF/xmega/drivers/tc/tc.o
                0x0000142a                __vector_21
 .text.__vector_22
                0x0000149a       0x70 src/ASF/xmega/drivers/tc/tc.o
                0x0000149a                __vector_22
 .text.__vector_23
                0x0000150a       0x70 src/ASF/xmega/drivers/tc/tc.o
                0x0000150a                __vector_23
 .text.__vector_77
                0x0000157a       0x70 src/ASF/xmega/drivers/tc/tc.o
                0x0000157a                __vector_77
 .text.__vector_78
                0x000015ea       0x70 src/ASF/xmega/drivers/tc/tc.o
                0x000015ea                __vector_78
 .text.__vector_79
                0x0000165a       0x70 src/ASF/xmega/drivers/tc/tc.o
                0x0000165a                __vector_79
 .text.__vector_80
                0x000016ca       0x70 src/ASF/xmega/drivers/tc/tc.o
                0x000016ca                __vector_80
 .text.__vector_81
                0x0000173a       0x70 src/ASF/xmega/drivers/tc/tc.o
                0x0000173a                __vector_81
 .text.__vector_82
                0x000017aa       0x70 src/ASF/xmega/drivers/tc/tc.o
                0x000017aa                __vector_82
 .text.__vector_83
                0x0000181a       0x70 src/ASF/xmega/drivers/tc/tc.o
                0x0000181a                __vector_83
 .text.__vector_84
                0x0000188a       0x70 src/ASF/xmega/drivers/tc/tc.o
                0x0000188a                __vector_84
 .text.__vector_85
                0x000018fa       0x70 src/ASF/xmega/drivers/tc/tc.o
                0x000018fa                __vector_85
 .text.__vector_86
                0x0000196a       0x70 src/ASF/xmega/drivers/tc/tc.o
                0x0000196a                __vector_86
 .text.__vector_47
                0x000019da       0x70 src/ASF/xmega/drivers/tc/tc.o
                0x000019da                __vector_47
 .text.__vector_48
                0x00001a4a       0x70 src/ASF/xmega/drivers/tc/tc.o
                0x00001a4a                __vector_48
 .text.__vector_49
                0x00001aba       0x70 src/ASF/xmega/drivers/tc/tc.o
                0x00001aba                __vector_49
 .text.__vector_50
                0x00001b2a       0x70 src/ASF/xmega/drivers/tc/tc.o
                0x00001b2a                __vector_50
 .text.__vector_51
                0x00001b9a       0x70 src/ASF/xmega/drivers/tc/tc.o
                0x00001b9a                __vector_51
 .text.__vector_52
                0x00001c0a       0x70 src/ASF/xmega/drivers/tc/tc.o
                0x00001c0a                __vector_52
 .text.__vector_53
                0x00001c7a       0x70 src/ASF/xmega/drivers/tc/tc.o
                0x00001c7a                __vector_53
 .text.__vector_54
                0x00001cea       0x70 src/ASF/xmega/drivers/tc/tc.o
                0x00001cea                __vector_54
 .text.__vector_55
                0x00001d5a       0x70 src/ASF/xmega/drivers/tc/tc.o
                0x00001d5a                __vector_55
 .text.__vector_56
                0x00001dca       0x70 src/ASF/xmega/drivers/tc/tc.o
                0x00001dca                __vector_56
 .text.__vector_108
                0x00001e3a       0x70 src/ASF/xmega/drivers/tc/tc.o
                0x00001e3a                __vector_108
 .text.__vector_109
                0x00001eaa       0x70 src/ASF/xmega/drivers/tc/tc.o
                0x00001eaa                __vector_109
 .text.__vector_110
                0x00001f1a       0x70 src/ASF/xmega/drivers/tc/tc.o
                0x00001f1a                __vector_110
 .text.__vector_111
                0x00001f8a       0x70 src/ASF/xmega/drivers/tc/tc.o
                0x00001f8a                __vector_111
 .text.__vector_112
                0x00001ffa       0x70 src/ASF/xmega/drivers/tc/tc.o
                0x00001ffa                __vector_112
 .text.__vector_113
                0x0000206a       0x70 src/ASF/xmega/drivers/tc/tc.o
                0x0000206a                __vector_113
 .text.__vector_114
                0x000020da       0x70 src/ASF/xmega/drivers/tc/tc.o
                0x000020da                __vector_114
 .text.__vector_115
                0x0000214a       0x70 src/ASF/xmega/drivers/tc/tc.o
                0x0000214a                __vector_115
 .text.__vector_116
                0x000021ba       0x70 src/ASF/xmega/drivers/tc/tc.o
                0x000021ba                __vector_116
 .text.__vector_117
                0x0000222a       0x70 src/ASF/xmega/drivers/tc/tc.o
                0x0000222a                __vector_117
 .text.ccp_write_io
                0x0000229a        0xc src/ASF/xmega/drivers/cpu/ccp.o
                0x0000229a                ccp_write_io
 .text.ioport_configure_port_pin
                0x000022a6       0x4e src/ASF/common/services/ioport/xmega/ioport_compat.o
                0x000022a6                ioport_configure_port_pin
 .text.board_init
                0x000022f4       0x1a src/ASF/xmega/boards/xmega_a1u_xplained_pro/board_init.o
                0x000022f4                board_init
 .text.usart_serial_getchar
                0x0000230e       0x12 src/drivers/uart.o
 .text.usart_serial_putchar
                0x00002320        0x6 src/drivers/uart.o
 .text.uart_terminal_init
                0x00002326       0x9c src/drivers/uart.o
                0x00002326                uart_terminal_init
 .text.__portable_avr_delay_cycles
                0x000023c2       0x16 src/main.o
 .text.__vector_61
                0x000023d8       0x70 src/main.o
                0x000023d8                __vector_61
 .text.main     0x00002448       0x40 src/main.o
                0x00002448                main
 .text.avr-libc
                0x00002488      0x706 d:/program files (x86)/atmel/7.0/toolchain/avr8/avr8-gnu-toolchain/bin/../lib/gcc/avr/5.4.0/../../../../avr/lib/avrxmega7\libprintf_flt.a(vfprintf_flt.o)
                0x00002488                vfprintf
 .text.libgcc.div
                0x00002b8e       0x44 d:/program files (x86)/atmel/7.0/toolchain/avr8/avr8-gnu-toolchain/bin/../lib/gcc/avr/5.4.0/avrxmega7\libgcc.a(_udivmodsi4.o)
                0x00002b8e                __udivmodsi4
 .text.avr-libc
                0x00002bd2      0x1b0 d:/program files (x86)/atmel/7.0/toolchain/avr8/avr8-gnu-toolchain/bin/../lib/gcc/avr/5.4.0/../../../../avr/lib/avrxmega7\libc.a(ftoa_engine.o)
                0x00002bd2                __ftoa_engine
 .text.avr-libc
                0x00002d82       0x16 d:/program files (x86)/atmel/7.0/toolchain/avr8/avr8-gnu-toolchain/bin/../lib/gcc/avr/5.4.0/../../../../avr/lib/avrxmega7\libc.a(strnlen_P.o)
                0x00002d82                strnlen_P
 .text.avr-libc
                0x00002d98       0x16 d:/program files (x86)/atmel/7.0/toolchain/avr8/avr8-gnu-toolchain/bin/../lib/gcc/avr/5.4.0/../../../../avr/lib/avrxmega7\libc.a(strnlen.o)
                0x00002d98                strnlen
 .text.avr-libc
                0x00002dae       0x94 d:/program files (x86)/atmel/7.0/toolchain/avr8/avr8-gnu-toolchain/bin/../lib/gcc/avr/5.4.0/../../../../avr/lib/avrxmega7\libc.a(fdevopen.o)
                0x00002dae                fdevopen
 .text.avr-libc
                0x00002e42       0x78 d:/program files (x86)/atmel/7.0/toolchain/avr8/avr8-gnu-toolchain/bin/../lib/gcc/avr/5.4.0/../../../../avr/lib/avrxmega7\libc.a(fputc.o)
                0x00002e42                fputc
 .text.avr-libc
                0x00002eba       0x26 d:/program files (x86)/atmel/7.0/toolchain/avr8/avr8-gnu-toolchain/bin/../lib/gcc/avr/5.4.0/../../../../avr/lib/avrxmega7\libc.a(printf.o)
                0x00002eba                printf
 .text.avr-libc
                0x00002ee0       0x60 d:/program files (x86)/atmel/7.0/toolchain/avr8/avr8-gnu-toolchain/bin/../lib/gcc/avr/5.4.0/../../../../avr/lib/avrxmega7\libc.a(puts.o)
                0x00002ee0                puts
 .text.avr-libc
                0x00002f40       0xbc d:/program files (x86)/atmel/7.0/toolchain/avr8/avr8-gnu-toolchain/bin/../lib/gcc/avr/5.4.0/../../../../avr/lib/avrxmega7\libc.a(ultoa_invert.o)
                0x00002f40                __ultoa_invert
 .text.avr-libc
                0x00002ffc       0x34 d:/program files (x86)/atmel/7.0/toolchain/avr8/avr8-gnu-toolchain/bin/../lib/gcc/avr/5.4.0/../../../../avr/lib/avrxmega7\libc.a(calloc.o)
                0x00002ffc                calloc
 .text.avr-libc
                0x00003030      0x242 d:/program files (x86)/atmel/7.0/toolchain/avr8/avr8-gnu-toolchain/bin/../lib/gcc/avr/5.4.0/../../../../avr/lib/avrxmega7\libc.a(malloc.o)
                0x00003030                malloc
                0x00003160                free
 .text.avr-libc
                0x00003272        0xe d:/program files (x86)/atmel/7.0/toolchain/avr8/avr8-gnu-toolchain/bin/../lib/gcc/avr/5.4.0/../../../../avr/lib/avrxmega7\libc.a(memset.o)
                0x00003272                memset
                0x00003280                . = ALIGN (0x2)
 *(.fini9)
 .fini9         0x00003280        0x0 d:/program files (x86)/atmel/7.0/toolchain/avr8/avr8-gnu-toolchain/bin/../lib/gcc/avr/5.4.0/avrxmega7\libgcc.a(_exit.o)
                0x00003280                _exit
                0x00003280                exit
 *(.fini9)
 *(.fini8)
 *(.fini8)
 *(.fini7)
 *(.fini7)
 *(.fini6)
 *(.fini6)
 *(.fini5)
 *(.fini5)
 *(.fini4)
 *(.fini4)
 *(.fini3)
 *(.fini3)
 *(.fini2)
 *(.fini2)
 *(.fini1)
 *(.fini1)
 *(.fini0)
 .fini0         0x00003280        0x4 d:/program files (x86)/atmel/7.0/toolchain/avr8/avr8-gnu-toolchain/bin/../lib/gcc/avr/5.4.0/avrxmega7\libgcc.a(_exit.o)
 *(.fini0)
                0x00003284                _etext = .

.data           0x00802000       0x56 load address 0x00003284
                0x00802000                PROVIDE (__data_start, .)
 *(.data)
 .data          0x00802000        0x6 d:/program files (x86)/atmel/7.0/toolchain/avr8/avr8-gnu-toolchain/bin/../lib/gcc/avr/5.4.0/../../../../avr/lib/avrxmega7\libc.a(malloc.o)
                0x00802000                __malloc_heap_end
                0x00802002                __malloc_heap_start
                0x00802004                __malloc_margin
 *(.data*)
 .data.usart_config.7194
                0x00802006        0x7 src/drivers/uart.o
 *(.gnu.linkonce.d*)
 *(.rodata)
 *(.rodata*)
 .rodata.str1.1
                0x0080200d       0x36 src/drivers/uart.o
 .rodata.str1.1
                0x00802043       0x12 src/main.o
 *(.gnu.linkonce.r*)
                0x00802056                . = ALIGN (0x2)
 *fill*         0x00802055        0x1 
                0x00802056                _edata = .
                0x00802056                PROVIDE (__data_end, .)

.bss            0x00802056       0x77
                0x00802056                PROVIDE (__bss_start, .)
 *(.bss)
 *(.bss*)
 .bss.transfer  0x00802056        0xb src/ASF/xmega/drivers/twi/twim.o
 .bss.tc_tcf1_ccb_callback
                0x00802061        0x2 src/ASF/xmega/drivers/tc/tc.o
 .bss.tc_tcf1_cca_callback
                0x00802063        0x2 src/ASF/xmega/drivers/tc/tc.o
 .bss.tc_tcf1_err_callback
                0x00802065        0x2 src/ASF/xmega/drivers/tc/tc.o
 .bss.tc_tcf1_ovf_callback
                0x00802067        0x2 src/ASF/xmega/drivers/tc/tc.o
 .bss.tc_tcf0_ccd_callback
                0x00802069        0x2 src/ASF/xmega/drivers/tc/tc.o
 .bss.tc_tcf0_ccc_callback
                0x0080206b        0x2 src/ASF/xmega/drivers/tc/tc.o
 .bss.tc_tcf0_ccb_callback
                0x0080206d        0x2 src/ASF/xmega/drivers/tc/tc.o
 .bss.tc_tcf0_cca_callback
                0x0080206f        0x2 src/ASF/xmega/drivers/tc/tc.o
 .bss.tc_tcf0_err_callback
                0x00802071        0x2 src/ASF/xmega/drivers/tc/tc.o
 .bss.tc_tcf0_ovf_callback
                0x00802073        0x2 src/ASF/xmega/drivers/tc/tc.o
 .bss.tc_tce1_ccb_callback
                0x00802075        0x2 src/ASF/xmega/drivers/tc/tc.o
 .bss.tc_tce1_cca_callback
                0x00802077        0x2 src/ASF/xmega/drivers/tc/tc.o
 .bss.tc_tce1_err_callback
                0x00802079        0x2 src/ASF/xmega/drivers/tc/tc.o
 .bss.tc_tce1_ovf_callback
                0x0080207b        0x2 src/ASF/xmega/drivers/tc/tc.o
 .bss.tc_tce0_ccd_callback
                0x0080207d        0x2 src/ASF/xmega/drivers/tc/tc.o
 .bss.tc_tce0_ccc_callback
                0x0080207f        0x2 src/ASF/xmega/drivers/tc/tc.o
 .bss.tc_tce0_ccb_callback
                0x00802081        0x2 src/ASF/xmega/drivers/tc/tc.o
 .bss.tc_tce0_cca_callback
                0x00802083        0x2 src/ASF/xmega/drivers/tc/tc.o
 .bss.tc_tce0_err_callback
                0x00802085        0x2 src/ASF/xmega/drivers/tc/tc.o
 .bss.tc_tce0_ovf_callback
                0x00802087        0x2 src/ASF/xmega/drivers/tc/tc.o
 .bss.tc_tcd1_ccb_callback
                0x00802089        0x2 src/ASF/xmega/drivers/tc/tc.o
 .bss.tc_tcd1_cca_callback
                0x0080208b        0x2 src/ASF/xmega/drivers/tc/tc.o
 .bss.tc_tcd1_err_callback
                0x0080208d        0x2 src/ASF/xmega/drivers/tc/tc.o
 .bss.tc_tcd1_ovf_callback
                0x0080208f        0x2 src/ASF/xmega/drivers/tc/tc.o
 .bss.tc_tcd0_ccd_callback
                0x00802091        0x2 src/ASF/xmega/drivers/tc/tc.o
 .bss.tc_tcd0_ccc_callback
                0x00802093        0x2 src/ASF/xmega/drivers/tc/tc.o
 .bss.tc_tcd0_ccb_callback
                0x00802095        0x2 src/ASF/xmega/drivers/tc/tc.o
 .bss.tc_tcd0_cca_callback
                0x00802097        0x2 src/ASF/xmega/drivers/tc/tc.o
 .bss.tc_tcd0_err_callback
                0x00802099        0x2 src/ASF/xmega/drivers/tc/tc.o
 .bss.tc_tcd0_ovf_callback
                0x0080209b        0x2 src/ASF/xmega/drivers/tc/tc.o
 .bss.tc_tcc1_ccb_callback
                0x0080209d        0x2 src/ASF/xmega/drivers/tc/tc.o
 .bss.tc_tcc1_cca_callback
                0x0080209f        0x2 src/ASF/xmega/drivers/tc/tc.o
 .bss.tc_tcc1_err_callback
                0x008020a1        0x2 src/ASF/xmega/drivers/tc/tc.o
 .bss.tc_tcc1_ovf_callback
                0x008020a3        0x2 src/ASF/xmega/drivers/tc/tc.o
 .bss.tc_tcc0_ccd_callback
                0x008020a5        0x2 src/ASF/xmega/drivers/tc/tc.o
 .bss.tc_tcc0_ccc_callback
                0x008020a7        0x2 src/ASF/xmega/drivers/tc/tc.o
 .bss.tc_tcc0_ccb_callback
                0x008020a9        0x2 src/ASF/xmega/drivers/tc/tc.o
 .bss.tc_tcc0_cca_callback
                0x008020ab        0x2 src/ASF/xmega/drivers/tc/tc.o
 .bss.tc_tcc0_err_callback
                0x008020ad        0x2 src/ASF/xmega/drivers/tc/tc.o
 .bss.tc_tcc0_ovf_callback
                0x008020af        0x2 src/ASF/xmega/drivers/tc/tc.o
 *(COMMON)
 COMMON         0x008020b1        0x2 src/ASF/common/utils/stdio/read.o
                0x008020b1                ptr_get
 COMMON         0x008020b3        0x4 src/ASF/xmega/drivers/adc/adc.o
                0x008020b3                adcb_callback
                0x008020b5                adca_callback
 COMMON         0x008020b7        0x4 src/ASF/common/utils/stdio/write.o
                0x008020b7                ptr_put
                0x008020b9                stdio_base
 COMMON         0x008020bb        0x8 src/ASF/xmega/drivers/rtc/rtc.o
                0x008020bb                rtc_data
 COMMON         0x008020c3        0x6 d:/program files (x86)/atmel/7.0/toolchain/avr8/avr8-gnu-toolchain/bin/../lib/gcc/avr/5.4.0/../../../../avr/lib/avrxmega7\libc.a(iob.o)
                0x008020c3                __iob
 COMMON         0x008020c9        0x4 d:/program files (x86)/atmel/7.0/toolchain/avr8/avr8-gnu-toolchain/bin/../lib/gcc/avr/5.4.0/../../../../avr/lib/avrxmega7\libc.a(malloc.o)
                0x008020c9                __brkval
                0x008020cb                __flp
                0x008020cd                PROVIDE (__bss_end, .)
                0x00003284                __data_load_start = LOADADDR (.data)
                0x000032da                __data_load_end = (__data_load_start + SIZEOF (.data))

.noinit         0x008020cd        0x0
                [!provide]                PROVIDE (__noinit_start, .)
 *(.noinit*)
                [!provide]                PROVIDE (__noinit_end, .)
                0x008020cd                _end = .
                0x008020cd                PROVIDE (__heap_start, .)

.eeprom         0x00810000        0x0
 *(.eeprom*)
                0x00810000                __eeprom_end = .

.fuse
 *(.fuse)
 *(.lfuse)
 *(.hfuse)
 *(.efuse)

.lock
 *(.lock*)

.signature
 *(.signature*)

.user_signatures
 *(.user_signatures*)

.stab
 *(.stab)

.stabstr
 *(.stabstr)

.stab.excl
 *(.stab.excl)

.stab.exclstr
 *(.stab.exclstr)

.stab.index
 *(.stab.index)

.stab.indexstr
 *(.stab.indexstr)

.comment        0x00000000       0x5c
 *(.comment)
 .comment       0x00000000       0x30 src/ASF/common/utils/stdio/read.o
                                 0x31 (size before relaxing)
 .comment       0x00000030       0x31 src/ASF/xmega/drivers/adc/adc.o
 .comment       0x00000030       0x31 src/ASF/xmega/drivers/twi/twim.o
 .comment       0x00000030       0x31 src/ASF/xmega/drivers/usart/usart.o
 .comment       0x00000030       0x31 src/ASF/xmega/drivers/adc/xmega_aau/adc_aau.o
 .comment       0x00000030       0x31 src/ASF/common/utils/stdio/write.o
 .comment       0x00000030       0x31 src/ASF/common/services/clock/xmega/sysclk.o
 .comment       0x00000030       0x31 src/ASF/xmega/drivers/rtc/rtc.o
 .comment       0x00000030       0x31 src/ASF/xmega/drivers/tc/tc.o
 .comment       0x00000030       0x31 src/ASF/common/services/ioport/xmega/ioport_compat.o
 .comment       0x00000030       0x31 src/ASF/xmega/boards/xmega_a1u_xplained_pro/board_init.o
 .comment       0x00000030       0x31 src/drivers/uart.o
 .comment       0x00000030       0x31 src/main.o
 .comment       0x00000030       0x2c d:/program files (x86)/atmel/7.0/toolchain/avr8/avr8-gnu-toolchain/bin/../lib/gcc/avr/5.4.0/../../../../avr/lib/avrxmega7\libprintf_flt.a(vfprintf_flt.o)
                                 0x2d (size before relaxing)
 .comment       0x0000005c       0x31 d:/program files (x86)/atmel/7.0/toolchain/avr8/avr8-gnu-toolchain/bin/../lib/gcc/avr/5.4.0/../../../../avr/lib/avrxmega7\libc.a(fdevopen.o)
 .comment       0x0000005c       0x31 d:/program files (x86)/atmel/7.0/toolchain/avr8/avr8-gnu-toolchain/bin/../lib/gcc/avr/5.4.0/../../../../avr/lib/avrxmega7\libc.a(fputc.o)
 .comment       0x0000005c       0x31 d:/program files (x86)/atmel/7.0/toolchain/avr8/avr8-gnu-toolchain/bin/../lib/gcc/avr/5.4.0/../../../../avr/lib/avrxmega7\libc.a(iob.o)
 .comment       0x0000005c       0x31 d:/program files (x86)/atmel/7.0/toolchain/avr8/avr8-gnu-toolchain/bin/../lib/gcc/avr/5.4.0/../../../../avr/lib/avrxmega7\libc.a(printf.o)
 .comment       0x0000005c       0x31 d:/program files (x86)/atmel/7.0/toolchain/avr8/avr8-gnu-toolchain/bin/../lib/gcc/avr/5.4.0/../../../../avr/lib/avrxmega7\libc.a(puts.o)
 .comment       0x0000005c       0x31 d:/program files (x86)/atmel/7.0/toolchain/avr8/avr8-gnu-toolchain/bin/../lib/gcc/avr/5.4.0/../../../../avr/lib/avrxmega7\libc.a(calloc.o)
 .comment       0x0000005c       0x31 d:/program files (x86)/atmel/7.0/toolchain/avr8/avr8-gnu-toolchain/bin/../lib/gcc/avr/5.4.0/../../../../avr/lib/avrxmega7\libc.a(malloc.o)

.note.gnu.avr.deviceinfo
                0x00000000       0x40
 .note.gnu.avr.deviceinfo
                0x00000000       0x40 D:/Program Files (x86)/Atmel/7.0/Packs/atmel/XMEGAA_DFP/1.1.68/gcc/dev/atxmega128a1u/avrxmega7/crtatxmega128a1u.o

.note.gnu.build-id
 *(.note.gnu.build-id)

.debug
 *(.debug)

.line
 *(.line)

.debug_srcinfo
 *(.debug_srcinfo)

.debug_sfnames
 *(.debug_sfnames)

.debug_aranges  0x00000000      0x4d0
 *(.debug_aranges)
 .debug_aranges
                0x00000000       0x20 src/ASF/common/utils/stdio/read.o
 .debug_aranges
                0x00000020       0x48 src/ASF/xmega/drivers/adc/adc.o
 .debug_aranges
                0x00000068       0x50 src/ASF/xmega/drivers/twi/twim.o
 .debug_aranges
                0x000000b8       0x58 src/ASF/xmega/drivers/usart/usart.o
 .debug_aranges
                0x00000110       0x78 src/ASF/xmega/drivers/adc/xmega_aau/adc_aau.o
 .debug_aranges
                0x00000188       0x20 src/ASF/common/utils/stdio/write.o
 .debug_aranges
                0x000001a8       0x40 src/ASF/common/services/clock/xmega/sysclk.o
 .debug_aranges
                0x000001e8       0x58 src/ASF/xmega/drivers/rtc/rtc.o
 .debug_aranges
                0x00000240      0x198 src/ASF/xmega/drivers/tc/tc.o
 .debug_aranges
                0x000003d8       0x20 src/ASF/xmega/drivers/cpu/ccp.o
 .debug_aranges
                0x000003f8       0x20 src/ASF/common/services/ioport/xmega/ioport_compat.o
 .debug_aranges
                0x00000418       0x20 src/ASF/xmega/boards/xmega_a1u_xplained_pro/board_init.o
 .debug_aranges
                0x00000438       0x68 src/drivers/uart.o
 .debug_aranges
                0x000004a0       0x30 src/main.o

.debug_pubnames
 *(.debug_pubnames)

.debug_info     0x00000000     0xf94f
 *(.debug_info .gnu.linkonce.wi.*)
 .debug_info    0x00000000     0x3e5a D:/Program Files (x86)/Atmel/7.0/Packs/atmel/XMEGAA_DFP/1.1.68/gcc/dev/atxmega128a1u/avrxmega7/crtatxmega128a1u.o
 .debug_info    0x00003e5a      0x119 src/ASF/common/utils/stdio/read.o
 .debug_info    0x00003f73      0xa8f src/ASF/xmega/drivers/adc/adc.o
 .debug_info    0x00004a02      0x965 src/ASF/xmega/drivers/twi/twim.o
 .debug_info    0x00005367     0x327c src/ASF/xmega/drivers/usart/usart.o
 .debug_info    0x000085e3      0xe9a src/ASF/xmega/drivers/adc/xmega_aau/adc_aau.o
 .debug_info    0x0000947d      0x119 src/ASF/common/utils/stdio/write.o
 .debug_info    0x00009596      0x846 src/ASF/common/services/clock/xmega/sysclk.o
 .debug_info    0x00009ddc      0x714 src/ASF/xmega/drivers/rtc/rtc.o
 .debug_info    0x0000a4f0     0x1a38 src/ASF/xmega/drivers/tc/tc.o
 .debug_info    0x0000bf28       0xa6 src/ASF/xmega/drivers/cpu/ccp.o
 .debug_info    0x0000bfce      0x121 src/ASF/common/services/ioport/xmega/ioport_compat.o
 .debug_info    0x0000c0ef      0x3db src/ASF/xmega/boards/xmega_a1u_xplained_pro/board_init.o
 .debug_info    0x0000c4ca     0x2bcc src/drivers/uart.o
 .debug_info    0x0000f096      0x8b9 src/main.o

.debug_abbrev   0x00000000     0x5918
 *(.debug_abbrev)
 .debug_abbrev  0x00000000     0x3b0e D:/Program Files (x86)/Atmel/7.0/Packs/atmel/XMEGAA_DFP/1.1.68/gcc/dev/atxmega128a1u/avrxmega7/crtatxmega128a1u.o
 .debug_abbrev  0x00003b0e       0xc5 src/ASF/common/utils/stdio/read.o
 .debug_abbrev  0x00003bd3      0x2b4 src/ASF/xmega/drivers/adc/adc.o
 .debug_abbrev  0x00003e87      0x2f8 src/ASF/xmega/drivers/twi/twim.o
 .debug_abbrev  0x0000417f      0x3f5 src/ASF/xmega/drivers/usart/usart.o
 .debug_abbrev  0x00004574      0x320 src/ASF/xmega/drivers/adc/xmega_aau/adc_aau.o
 .debug_abbrev  0x00004894       0xa7 src/ASF/common/utils/stdio/write.o
 .debug_abbrev  0x0000493b      0x241 src/ASF/common/services/clock/xmega/sysclk.o
 .debug_abbrev  0x00004b7c      0x2df src/ASF/xmega/drivers/rtc/rtc.o
 .debug_abbrev  0x00004e5b      0x29b src/ASF/xmega/drivers/tc/tc.o
 .debug_abbrev  0x000050f6       0x14 src/ASF/xmega/drivers/cpu/ccp.o
 .debug_abbrev  0x0000510a       0x95 src/ASF/common/services/ioport/xmega/ioport_compat.o
 .debug_abbrev  0x0000519f      0x14a src/ASF/xmega/boards/xmega_a1u_xplained_pro/board_init.o
 .debug_abbrev  0x000052e9      0x3af src/drivers/uart.o
 .debug_abbrev  0x00005698      0x280 src/main.o

.debug_line     0x00000000     0x7494
 *(.debug_line .debug_line.* .debug_line_end)
 .debug_line    0x00000000      0x3b5 D:/Program Files (x86)/Atmel/7.0/Packs/atmel/XMEGAA_DFP/1.1.68/gcc/dev/atxmega128a1u/avrxmega7/crtatxmega128a1u.o
 .debug_line    0x000003b5      0x3b7 src/ASF/common/utils/stdio/read.o
 .debug_line    0x0000076c      0x7be src/ASF/xmega/drivers/adc/adc.o
 .debug_line    0x00000f2a      0x655 src/ASF/xmega/drivers/twi/twim.o
 .debug_line    0x0000157f      0xd9e src/ASF/xmega/drivers/usart/usart.o
 .debug_line    0x0000231d      0x96e src/ASF/xmega/drivers/adc/xmega_aau/adc_aau.o
 .debug_line    0x00002c8b      0x3be src/ASF/common/utils/stdio/write.o
 .debug_line    0x00003049      0x6a3 src/ASF/common/services/clock/xmega/sysclk.o
 .debug_line    0x000036ec      0x7c6 src/ASF/xmega/drivers/rtc/rtc.o
 .debug_line    0x00003eb2      0xfab src/ASF/xmega/drivers/tc/tc.o
 .debug_line    0x00004e5d       0x6e src/ASF/xmega/drivers/cpu/ccp.o
 .debug_line    0x00004ecb      0x497 src/ASF/common/services/ioport/xmega/ioport_compat.o
 .debug_line    0x00005362      0x4ce src/ASF/xmega/boards/xmega_a1u_xplained_pro/board_init.o
 .debug_line    0x00005830     0x1025 src/drivers/uart.o
 .debug_line    0x00006855      0xc3f src/main.o

.debug_frame    0x00000000     0x1a98
 *(.debug_frame)
 .debug_frame   0x00000000       0x34 src/ASF/common/utils/stdio/read.o
 .debug_frame   0x00000034       0xbc src/ASF/xmega/drivers/adc/adc.o
 .debug_frame   0x000000f0      0x1c0 src/ASF/xmega/drivers/twi/twim.o
 .debug_frame   0x000002b0      0x150 src/ASF/xmega/drivers/usart/usart.o
 .debug_frame   0x00000400      0x3e4 src/ASF/xmega/drivers/adc/xmega_aau/adc_aau.o
 .debug_frame   0x000007e4       0x24 src/ASF/common/utils/stdio/write.o
 .debug_frame   0x00000808       0xa4 src/ASF/common/services/clock/xmega/sysclk.o
 .debug_frame   0x000008ac      0x144 src/ASF/xmega/drivers/rtc/rtc.o
 .debug_frame   0x000009f0      0xe84 src/ASF/xmega/drivers/tc/tc.o
 .debug_frame   0x00001874       0x30 src/ASF/common/services/ioport/xmega/ioport_compat.o
 .debug_frame   0x000018a4       0x24 src/ASF/xmega/boards/xmega_a1u_xplained_pro/board_init.o
 .debug_frame   0x000018c8      0x13c src/drivers/uart.o
 .debug_frame   0x00001a04       0x94 src/main.o

.debug_str      0x00000000    0x36491
 *(.debug_str)
 .debug_str     0x00000000     0x2969 D:/Program Files (x86)/Atmel/7.0/Packs/atmel/XMEGAA_DFP/1.1.68/gcc/dev/atxmega128a1u/avrxmega7/crtatxmega128a1u.o
 .debug_str     0x00002969    0x2b80e src/ASF/common/utils/stdio/read.o
                              0x2be57 (size before relaxing)
 .debug_str     0x0002e177     0x3a72 src/ASF/xmega/drivers/adc/adc.o
                              0x2f915 (size before relaxing)
 .debug_str     0x00031be9      0x5c4 src/ASF/xmega/drivers/twi/twim.o
                              0x2c50a (size before relaxing)
 .debug_str     0x000321ad     0x1315 src/ASF/xmega/drivers/usart/usart.o
                              0x30351 (size before relaxing)
 .debug_str     0x000334c2      0x5c6 src/ASF/xmega/drivers/adc/xmega_aau/adc_aau.o
                              0x2fba8 (size before relaxing)
 .debug_str     0x00033a88       0x2e src/ASF/common/utils/stdio/write.o
                              0x2be59 (size before relaxing)
 .debug_str     0x00033ab6      0x232 src/ASF/common/services/clock/xmega/sysclk.o
                              0x2ef02 (size before relaxing)
 .debug_str     0x00033ce8      0x36f src/ASF/xmega/drivers/rtc/rtc.o
                              0x2f2e5 (size before relaxing)
 .debug_str     0x00034057      0x769 src/ASF/xmega/drivers/tc/tc.o
                              0x2f960 (size before relaxing)
 .debug_str     0x000347c0       0x77 src/ASF/common/services/ioport/xmega/ioport_compat.o
                              0x2c4f0 (size before relaxing)
 .debug_str     0x00034837       0x5c src/ASF/xmega/boards/xmega_a1u_xplained_pro/board_init.o
                              0x2e7d1 (size before relaxing)
 .debug_str     0x00034893     0x1b0c src/drivers/uart.o
                              0x32421 (size before relaxing)
 .debug_str     0x0003639f       0xf2 src/main.o
                              0x31b73 (size before relaxing)

.debug_loc      0x00000000     0x5362
 *(.debug_loc)
 .debug_loc     0x00000000       0x6e src/ASF/common/utils/stdio/read.o
 .debug_loc     0x0000006e      0x2b3 src/ASF/xmega/drivers/adc/adc.o
 .debug_loc     0x00000321      0x6fe src/ASF/xmega/drivers/twi/twim.o
 .debug_loc     0x00000a1f      0xe0d src/ASF/xmega/drivers/usart/usart.o
 .debug_loc     0x0000182c      0xd3c src/ASF/xmega/drivers/adc/xmega_aau/adc_aau.o
 .debug_loc     0x00002568       0x52 src/ASF/common/utils/stdio/write.o
 .debug_loc     0x000025ba      0x301 src/ASF/common/services/clock/xmega/sysclk.o
 .debug_loc     0x000028bb      0x2dd src/ASF/xmega/drivers/rtc/rtc.o
 .debug_loc     0x00002b98     0x2122 src/ASF/xmega/drivers/tc/tc.o
 .debug_loc     0x00004cba       0x66 src/ASF/common/services/ioport/xmega/ioport_compat.o
 .debug_loc     0x00004d20       0x54 src/ASF/xmega/boards/xmega_a1u_xplained_pro/board_init.o
 .debug_loc     0x00004d74      0x4b4 src/drivers/uart.o
 .debug_loc     0x00005228      0x13a src/main.o

.debug_macinfo
 *(.debug_macinfo)

.debug_weaknames
 *(.debug_weaknames)

.debug_funcnames
 *(.debug_funcnames)

.debug_typenames
 *(.debug_typenames)

.debug_varnames
 *(.debug_varnames)

.debug_pubtypes
 *(.debug_pubtypes)

.debug_ranges   0x00000000      0x490
 *(.debug_ranges)
 .debug_ranges  0x00000000       0x10 src/ASF/common/utils/stdio/read.o
 .debug_ranges  0x00000010       0x38 src/ASF/xmega/drivers/adc/adc.o
 .debug_ranges  0x00000048       0xa0 src/ASF/xmega/drivers/twi/twim.o
 .debug_ranges  0x000000e8       0x80 src/ASF/xmega/drivers/usart/usart.o
 .debug_ranges  0x00000168       0x68 src/ASF/xmega/drivers/adc/xmega_aau/adc_aau.o
 .debug_ranges  0x000001d0       0x10 src/ASF/common/utils/stdio/write.o
 .debug_ranges  0x000001e0       0x30 src/ASF/common/services/clock/xmega/sysclk.o
 .debug_ranges  0x00000210       0x48 src/ASF/xmega/drivers/rtc/rtc.o
 .debug_ranges  0x00000258      0x188 src/ASF/xmega/drivers/tc/tc.o
 .debug_ranges  0x000003e0       0x10 src/ASF/common/services/ioport/xmega/ioport_compat.o
 .debug_ranges  0x000003f0       0x10 src/ASF/xmega/boards/xmega_a1u_xplained_pro/board_init.o
 .debug_ranges  0x00000400       0x70 src/drivers/uart.o
 .debug_ranges  0x00000470       0x20 src/main.o

.debug_macro    0x00000000     0xc8ae
 *(.debug_macro)
 .debug_macro   0x00000000      0x16d src/ASF/common/utils/stdio/read.o
 .debug_macro   0x0000016d      0xa96 src/ASF/common/utils/stdio/read.o
 .debug_macro   0x00000c03       0x10 src/ASF/common/utils/stdio/read.o
 .debug_macro   0x00000c13      0x1c9 src/ASF/common/utils/stdio/read.o
 .debug_macro   0x00000ddc      0x2fc src/ASF/common/utils/stdio/read.o
 .debug_macro   0x000010d8       0x9e src/ASF/common/utils/stdio/read.o
 .debug_macro   0x00001176     0x6dbc src/ASF/common/utils/stdio/read.o
 .debug_macro   0x00007f32       0x9a src/ASF/common/utils/stdio/read.o
 .debug_macro   0x00007fcc       0xf1 src/ASF/common/utils/stdio/read.o
 .debug_macro   0x000080bd       0x34 src/ASF/common/utils/stdio/read.o
 .debug_macro   0x000080f1       0x16 src/ASF/common/utils/stdio/read.o
 .debug_macro   0x00008107       0x18 src/ASF/common/utils/stdio/read.o
 .debug_macro   0x0000811f       0x5e src/ASF/common/utils/stdio/read.o
 .debug_macro   0x0000817d       0x10 src/ASF/common/utils/stdio/read.o
 .debug_macro   0x0000818d       0x22 src/ASF/common/utils/stdio/read.o
 .debug_macro   0x000081af      0x16d src/ASF/common/utils/stdio/read.o
 .debug_macro   0x0000831c       0x1c src/ASF/common/utils/stdio/read.o
 .debug_macro   0x00008338       0x35 src/ASF/common/utils/stdio/read.o
 .debug_macro   0x0000836d       0x66 src/ASF/common/utils/stdio/read.o
 .debug_macro   0x000083d3      0x708 src/ASF/common/utils/stdio/read.o
 .debug_macro   0x00008adb       0x96 src/ASF/common/utils/stdio/read.o
 .debug_macro   0x00008b71       0x17 src/ASF/common/utils/stdio/read.o
 .debug_macro   0x00008b88      0x250 src/ASF/common/utils/stdio/read.o
 .debug_macro   0x00008dd8       0x76 src/ASF/common/utils/stdio/read.o
 .debug_macro   0x00008e4e       0x16 src/ASF/common/utils/stdio/read.o
 .debug_macro   0x00008e64      0x6d9 src/ASF/common/utils/stdio/read.o
 .debug_macro   0x0000953d       0x10 src/ASF/common/utils/stdio/read.o
 .debug_macro   0x0000954d      0x175 src/ASF/common/utils/stdio/read.o
 .debug_macro   0x000096c2       0x40 src/ASF/common/utils/stdio/read.o
 .debug_macro   0x00009702       0x69 src/ASF/common/utils/stdio/read.o
 .debug_macro   0x0000976b       0x31 src/ASF/common/utils/stdio/read.o
 .debug_macro   0x0000979c       0xe4 src/ASF/common/utils/stdio/read.o
 .debug_macro   0x00009880      0x23f src/ASF/xmega/drivers/adc/adc.o
 .debug_macro   0x00009abf       0x10 src/ASF/xmega/drivers/adc/adc.o
 .debug_macro   0x00009acf       0x20 src/ASF/xmega/drivers/adc/adc.o
 .debug_macro   0x00009aef       0x10 src/ASF/xmega/drivers/adc/adc.o
 .debug_macro   0x00009aff       0x42 src/ASF/xmega/drivers/adc/adc.o
 .debug_macro   0x00009b41       0x22 src/ASF/xmega/drivers/adc/adc.o
 .debug_macro   0x00009b63      0x2d8 src/ASF/xmega/drivers/adc/adc.o
 .debug_macro   0x00009e3b      0x52b src/ASF/xmega/drivers/adc/adc.o
 .debug_macro   0x0000a366       0x79 src/ASF/xmega/drivers/adc/adc.o
 .debug_macro   0x0000a3df       0x2f src/ASF/xmega/drivers/adc/adc.o
 .debug_macro   0x0000a40e      0x154 src/ASF/xmega/drivers/adc/adc.o
 .debug_macro   0x0000a562       0xe3 src/ASF/xmega/drivers/adc/adc.o
 .debug_macro   0x0000a645      0x198 src/ASF/xmega/drivers/twi/twim.o
 .debug_macro   0x0000a7dd       0x16 src/ASF/xmega/drivers/twi/twim.o
 .debug_macro   0x0000a7f3       0x22 src/ASF/xmega/drivers/twi/twim.o
 .debug_macro   0x0000a815       0x10 src/ASF/xmega/drivers/twi/twim.o
 .debug_macro   0x0000a825      0x231 src/ASF/xmega/drivers/usart/usart.o
 .debug_macro   0x0000aa56      0x302 src/ASF/xmega/drivers/usart/usart.o
 .debug_macro   0x0000ad58       0x34 src/ASF/xmega/drivers/usart/usart.o
 .debug_macro   0x0000ad8c       0x9a src/ASF/xmega/drivers/usart/usart.o
 .debug_macro   0x0000ae26      0x102 src/ASF/xmega/drivers/usart/usart.o
 .debug_macro   0x0000af28      0x23f src/ASF/xmega/drivers/adc/xmega_aau/adc_aau.o
 .debug_macro   0x0000b167      0x16d src/ASF/common/utils/stdio/write.o
 .debug_macro   0x0000b2d4      0x1eb src/ASF/common/services/clock/xmega/sysclk.o
 .debug_macro   0x0000b4bf       0x26 src/ASF/common/services/clock/xmega/sysclk.o
 .debug_macro   0x0000b4e5      0x237 src/ASF/xmega/drivers/rtc/rtc.o
 .debug_macro   0x0000b71c      0x235 src/ASF/xmega/drivers/tc/tc.o
 .debug_macro   0x0000b951      0x193 src/ASF/common/services/ioport/xmega/ioport_compat.o
 .debug_macro   0x0000bae4      0x1bc src/ASF/xmega/boards/xmega_a1u_xplained_pro/board_init.o
 .debug_macro   0x0000bca0      0x2d2 src/ASF/xmega/boards/xmega_a1u_xplained_pro/board_init.o
 .debug_macro   0x0000bf72      0x4a3 src/drivers/uart.o
 .debug_macro   0x0000c415      0x499 src/main.o
OUTPUT(ValkyriePrototype.elf elf32-avr)
LOAD linker stubs

.BOOT           0x00020000        0x0
