Archive member included to satisfy reference by file (symbol)

d:/programs/atmelstudio/7.0/toolchain/avr8/avr8-gnu-toolchain/bin/../lib/gcc/avr/5.4.0/../../../../avr/lib/avrxmega7\libm.a(addsf3.o)
                              src/drivers/adc_sensors.o (__subsf3)
d:/programs/atmelstudio/7.0/toolchain/avr8/avr8-gnu-toolchain/bin/../lib/gcc/avr/5.4.0/../../../../avr/lib/avrxmega7\libm.a(addsf3x.o)
                              d:/programs/atmelstudio/7.0/toolchain/avr8/avr8-gnu-toolchain/bin/../lib/gcc/avr/5.4.0/../../../../avr/lib/avrxmega7\libm.a(addsf3.o) (__addsf3x)
d:/programs/atmelstudio/7.0/toolchain/avr8/avr8-gnu-toolchain/bin/../lib/gcc/avr/5.4.0/../../../../avr/lib/avrxmega7\libm.a(divsf3.o)
                              src/drivers/adc_sensors.o (__divsf3)
d:/programs/atmelstudio/7.0/toolchain/avr8/avr8-gnu-toolchain/bin/../lib/gcc/avr/5.4.0/../../../../avr/lib/avrxmega7\libm.a(divsf3x.o)
                              d:/programs/atmelstudio/7.0/toolchain/avr8/avr8-gnu-toolchain/bin/../lib/gcc/avr/5.4.0/../../../../avr/lib/avrxmega7\libm.a(divsf3.o) (__divsf3x)
d:/programs/atmelstudio/7.0/toolchain/avr8/avr8-gnu-toolchain/bin/../lib/gcc/avr/5.4.0/../../../../avr/lib/avrxmega7\libm.a(fixunssfsi.o)
                              src/drivers/ContServ.o (__fixunssfsi)
d:/programs/atmelstudio/7.0/toolchain/avr8/avr8-gnu-toolchain/bin/../lib/gcc/avr/5.4.0/../../../../avr/lib/avrxmega7\libm.a(floatsisf.o)
                              src/drivers/adc_sensors.o (__floatunsisf)
d:/programs/atmelstudio/7.0/toolchain/avr8/avr8-gnu-toolchain/bin/../lib/gcc/avr/5.4.0/../../../../avr/lib/avrxmega7\libm.a(fp_inf.o)
                              d:/programs/atmelstudio/7.0/toolchain/avr8/avr8-gnu-toolchain/bin/../lib/gcc/avr/5.4.0/../../../../avr/lib/avrxmega7\libm.a(addsf3x.o) (__fp_inf)
d:/programs/atmelstudio/7.0/toolchain/avr8/avr8-gnu-toolchain/bin/../lib/gcc/avr/5.4.0/../../../../avr/lib/avrxmega7\libm.a(fp_nan.o)
                              d:/programs/atmelstudio/7.0/toolchain/avr8/avr8-gnu-toolchain/bin/../lib/gcc/avr/5.4.0/../../../../avr/lib/avrxmega7\libm.a(addsf3x.o) (__fp_nan)
d:/programs/atmelstudio/7.0/toolchain/avr8/avr8-gnu-toolchain/bin/../lib/gcc/avr/5.4.0/../../../../avr/lib/avrxmega7\libm.a(fp_pscA.o)
                              d:/programs/atmelstudio/7.0/toolchain/avr8/avr8-gnu-toolchain/bin/../lib/gcc/avr/5.4.0/../../../../avr/lib/avrxmega7\libm.a(addsf3x.o) (__fp_pscA)
d:/programs/atmelstudio/7.0/toolchain/avr8/avr8-gnu-toolchain/bin/../lib/gcc/avr/5.4.0/../../../../avr/lib/avrxmega7\libm.a(fp_pscB.o)
                              d:/programs/atmelstudio/7.0/toolchain/avr8/avr8-gnu-toolchain/bin/../lib/gcc/avr/5.4.0/../../../../avr/lib/avrxmega7\libm.a(addsf3x.o) (__fp_pscB)
d:/programs/atmelstudio/7.0/toolchain/avr8/avr8-gnu-toolchain/bin/../lib/gcc/avr/5.4.0/../../../../avr/lib/avrxmega7\libm.a(fp_round.o)
                              d:/programs/atmelstudio/7.0/toolchain/avr8/avr8-gnu-toolchain/bin/../lib/gcc/avr/5.4.0/../../../../avr/lib/avrxmega7\libm.a(addsf3.o) (__fp_round)
d:/programs/atmelstudio/7.0/toolchain/avr8/avr8-gnu-toolchain/bin/../lib/gcc/avr/5.4.0/../../../../avr/lib/avrxmega7\libm.a(fp_split3.o)
                              d:/programs/atmelstudio/7.0/toolchain/avr8/avr8-gnu-toolchain/bin/../lib/gcc/avr/5.4.0/../../../../avr/lib/avrxmega7\libm.a(addsf3x.o) (__fp_split3)
d:/programs/atmelstudio/7.0/toolchain/avr8/avr8-gnu-toolchain/bin/../lib/gcc/avr/5.4.0/../../../../avr/lib/avrxmega7\libm.a(fp_zero.o)
                              d:/programs/atmelstudio/7.0/toolchain/avr8/avr8-gnu-toolchain/bin/../lib/gcc/avr/5.4.0/../../../../avr/lib/avrxmega7\libm.a(addsf3x.o) (__fp_zero)
d:/programs/atmelstudio/7.0/toolchain/avr8/avr8-gnu-toolchain/bin/../lib/gcc/avr/5.4.0/../../../../avr/lib/avrxmega7\libm.a(gesf2.o)
                              src/drivers/Servo90Driver.o (__gtsf2)
d:/programs/atmelstudio/7.0/toolchain/avr8/avr8-gnu-toolchain/bin/../lib/gcc/avr/5.4.0/../../../../avr/lib/avrxmega7\libm.a(log.o)
                              src/drivers/adc_sensors.o (log)
d:/programs/atmelstudio/7.0/toolchain/avr8/avr8-gnu-toolchain/bin/../lib/gcc/avr/5.4.0/../../../../avr/lib/avrxmega7\libm.a(mulsf3.o)
                              src/drivers/adc_sensors.o (__mulsf3)
d:/programs/atmelstudio/7.0/toolchain/avr8/avr8-gnu-toolchain/bin/../lib/gcc/avr/5.4.0/../../../../avr/lib/avrxmega7\libm.a(mulsf3x.o)
                              d:/programs/atmelstudio/7.0/toolchain/avr8/avr8-gnu-toolchain/bin/../lib/gcc/avr/5.4.0/../../../../avr/lib/avrxmega7\libm.a(log.o) (__mulsf3x)
d:/programs/atmelstudio/7.0/toolchain/avr8/avr8-gnu-toolchain/bin/../lib/gcc/avr/5.4.0/../../../../avr/lib/avrxmega7\libm.a(fp_cmp.o)
                              d:/programs/atmelstudio/7.0/toolchain/avr8/avr8-gnu-toolchain/bin/../lib/gcc/avr/5.4.0/../../../../avr/lib/avrxmega7\libm.a(gesf2.o) (__fp_cmp)
[...]
Memory Configuration

Name             Origin             Length             Attributes
text             0x00000000         0x00100000         xr
data             0x00802000         0x0000ffa0         rw !x
eeprom           0x00810000         0x00010000         rw !x
fuse             0x00820000         0x00000006         rw !x
lock             0x00830000         0x00000400         rw !x
signature        0x00840000         0x00000400         rw !x
user_signatures  0x00850000         0x00000400         rw !x
*default*        0x00000000         0xffffffff

Linker script and memory map

LOAD D:/programs/AtmelStudio/7.0/Packs/atmel/XMEGAA_DFP/1.1.68/gcc/dev/atxmega128a1u/avrxmega7/crtatxmega128a1u.o
LOAD src/ASF/common/utils/stdio/read.o
LOAD src/ASF/xmega/drivers/adc/adc.o
LOAD src/ASF/xmega/drivers/twi/twim.o
LOAD src/ASF/xmega/drivers/usart/usart.o
LOAD src/drivers/adc_sensors.o
LOAD src/drivers/ContServ.o
LOAD src/drivers/m_gps.o
LOAD src/drivers/m_ms5607.o
LOAD src/ASF/xmega/drivers/twi/twis.o
LOAD src/ASF/xmega/drivers/adc/xmega_aau/adc_aau.o
LOAD src/ASF/common/utils/stdio/write.o
LOAD src/ASF/common/services/spi/xmega_spi/spi_master.o
LOAD src/ASF/common/services/sleepmgr/xmega/sleepmgr.o
LOAD src/ASF/common/services/serial/usart_serial.o
LOAD src/ASF/common/services/clock/xmega/sysclk.o
LOAD src/ASF/common/services/fifo/fifo.o
LOAD src/ASF/xmega/drivers/nvm/nvm.o
LOAD src/ASF/xmega/drivers/rtc/rtc.o
LOAD src/ASF/xmega/drivers/spi/spi.o
LOAD src/ASF/xmega/drivers/tc/tc.o
LOAD src/ASF/xmega/drivers/wdt/wdt.o
LOAD src/ASF/xmega/services/pwm/pwm.o
LOAD src/ASF/xmega/drivers/nvm/nvm_asm.o
LOAD src/ASF/xmega/drivers/cpu/ccp.o
LOAD src/ASF/common/services/ioport/xmega/ioport_compat.o
LOAD src/ASF/xmega/boards/xmega_a1u_xplained_pro/board_init.o
LOAD src/drivers/Servo90Driver.o
LOAD src/drivers/TCLibrary.o
LOAD src/drivers/uart.o
LOAD src/main.o
START GROUP
LOAD d:/programs/atmelstudio/7.0/toolchain/avr8/avr8-gnu-toolchain/bin/../lib/gcc/avr/5.4.0/../../../../avr/lib/avrxmega7\libm.a
LOAD d:/programs/atmelstudio/7.0/toolchain/avr8/avr8-gnu-toolchain/bin/../lib/gcc/avr/5.4.0/../../../../avr/lib/avrxmega7\libprintf_flt.a
END GROUP
Address of section .BOOT set to 0x20000
START GROUP
LOAD d:/programs/atmelstudio/7.0/toolchain/avr8/avr8-gnu-toolchain/bin/../lib/gcc/avr/5.4.0/avrxmega7\libgcc.a
LOAD d:/programs/atmelstudio/7.0/toolchain/avr8/avr8-gnu-toolchain/bin/../lib/gcc/avr/5.4.0/../../../../avr/lib/avrxmega7\libm.a
LOAD d:/programs/atmelstudio/7.0/toolchain/avr8/avr8-gnu-toolchain/bin/../lib/gcc/avr/5.4.0/../../../../avr/lib/avrxmega7\libc.a
LOAD D:/programs/AtmelStudio/7.0/Packs/atmel/XMEGAA_DFP/1.1.68/gcc/dev/atxmega128a1u/avrxmega7\libatxmega128a1u.a
END GROUP
                0x00000000                __TEXT_REGION_ORIGIN__ = DEFINED (__TEXT_REGION_ORIGIN__)?__TEXT_REGION_ORIGIN__:0x0
                0x00802000                __DATA_REGION_ORIGIN__ = DEFINED (__DATA_REGION_ORIGIN__)?__DATA_REGION_ORIGIN__:0x802000
                0x00100000                __TEXT_REGION_LENGTH__ = DEFINED (__TEXT_REGION_LENGTH__)?__TEXT_REGION_LENGTH__:0x100000
                0x0000ffa0                __DATA_REGION_LENGTH__ = DEFINED (__DATA_REGION_LENGTH__)?__DATA_REGION_LENGTH__:0xffa0
                0x00010000                __EEPROM_REGION_LENGTH__ = DEFINED (__EEPROM_REGION_LENGTH__)?__EEPROM_REGION_LENGTH__:0x10000
                [0x00000006]                __FUSE_REGION_LENGTH__ = DEFINED (__FUSE_REGION_LENGTH__)?__FUSE_REGION_LENGTH__:0x400
                0x00000400                __LOCK_REGION_LENGTH__ = DEFINED (__LOCK_REGION_LENGTH__)?__LOCK_REGION_LENGTH__:0x400
                0x00000400                __SIGNATURE_REGION_LENGTH__ = DEFINED (__SIGNATURE_REGION_LENGTH__)?__SIGNATURE_REGION_LENGTH__:0x400
                0x00000400                __USER_SIGNATURE_REGION_LENGTH__ = DEFINED (__USER_SIGNATURE_REGION_LENGTH__)?__USER_SIGNATURE_REGION_LENGTH__:0x400

.hash
 *(.hash)

.dynsym
 *(.dynsym)

.dynstr
 *(.dynstr)

.gnu.version
 *(.gnu.version)

.gnu.version_d
 *(.gnu.version_d)

.gnu.version_r
 *(.gnu.version_r)

.rel.init
 *(.rel.init)

.rela.init
 *(.rela.init)

.rel.text
 *(.rel.text)
 *(.rel.text.*)
 *(.rel.gnu.linkonce.t*)

.rela.text
 *(.rela.text)
 *(.rela.text.*)
 *(.rela.gnu.linkonce.t*)

.rel.fini
 *(.rel.fini)

.rela.fini
 *(.rela.fini)

.rel.rodata
 *(.rel.rodata)
 *(.rel.rodata.*)
 *(.rel.gnu.linkonce.r*)

.rela.rodata
 *(.rela.rodata)
 *(.rela.rodata.*)
 *(.rela.gnu.linkonce.r*)

.rel.data
 *(.rel.data)
 *(.rel.data.*)
 *(.rel.gnu.linkonce.d*)

.rela.data
 *(.rela.data)
 *(.rela.data.*)
 *(.rela.gnu.linkonce.d*)

.rel.ctors
 *(.rel.ctors)

.rela.ctors
 *(.rela.ctors)

.rel.dtors
 *(.rel.dtors)

.rela.dtors
 *(.rela.dtors)

.rel.got
 *(.rel.got)

.rela.got
 *(.rela.got)

.rel.bss
 *(.rel.bss)

.rela.bss
 *(.rela.bss)

.rel.plt
 *(.rel.plt)

.rela.plt
 *(.rela.plt)

.text           0x00000000     0x434a
 *(.vectors)
 .vectors       0x00000000      0x1fc D:/programs/AtmelStudio/7.0/Packs/atmel/XMEGAA_DFP/1.1.68/gcc/dev/atxmega128a1u/avrxmega7/crtatxmega128a1u.o
                0x00000000                __vector_default
                0x00000000                __vectors
 *(.vectors)
 *(.progmem.gcc*)
 .progmem.gcc_fplib
                0x000001fc       0x5a d:/programs/atmelstudio/7.0/toolchain/avr8/avr8-gnu-toolchain/bin/../lib/gcc/avr/5.4.0/../../../../avr/lib/avrxmega7\libm.a(log.o)
                0x00000256                . = ALIGN (0x2)
                0x00000256                __trampolines_start = .
 *(.trampolines)
 .trampolines   0x00000256        0x0 linker stubs
 *(.trampolines*)
                0x00000256                __trampolines_end = .
 *libprintf_flt.a:*(.progmem.data)
 .progmem.data  0x00000256        0x8 d:/programs/atmelstudio/7.0/toolchain/avr8/avr8-gnu-toolchain/bin/../lib/gcc/avr/5.4.0/../../../../avr/lib/avrxmega7\libprintf_flt.a(vfprintf_flt.o)
 *libc.a:*(.progmem.data)
 .progmem.data  0x0000025e       0xfa d:/programs/atmelstudio/7.0/toolchain/avr8/avr8-gnu-toolchain/bin/../lib/gcc/avr/5.4.0/../../../../avr/lib/avrxmega7\libc.a(ftoa_engine.o)
 *(.progmem*)
                0x00000358                . = ALIGN (0x2)
 *(.jumptables)
 *(.jumptables*)
 *(.lowtext)
 *(.lowtext*)
                0x00000358                __ctors_start = .
 *(.ctors)
                0x00000358                __ctors_end = .
                0x00000358                __dtors_start = .
 *(.dtors)
                0x00000358                __dtors_end = .
 SORT(*)(.ctors)
 SORT(*)(.dtors)
 *(.init0)
 .init0         0x00000358        0x0 D:/programs/AtmelStudio/7.0/Packs/atmel/XMEGAA_DFP/1.1.68/gcc/dev/atxmega128a1u/avrxmega7/crtatxmega128a1u.o
                0x00000358                __init
 *(.init0)
 *(.init1)
 *(.init1)
 *(.init2)
 .init2         0x00000358       0x18 D:/programs/AtmelStudio/7.0/Packs/atmel/XMEGAA_DFP/1.1.68/gcc/dev/atxmega128a1u/avrxmega7/crtatxmega128a1u.o
 *(.init2)
 *(.init3)
 *(.init3)
 *(.init4)
 .init4         0x00000370       0x1c d:/programs/atmelstudio/7.0/toolchain/avr8/avr8-gnu-toolchain/bin/../lib/gcc/avr/5.4.0/avrxmega7\libgcc.a(_copy_data.o)
                0x00000370                __do_copy_data
 .init4         0x0000038c       0x10 d:/programs/atmelstudio/7.0/toolchain/avr8/avr8-gnu-toolchain/bin/../lib/gcc/avr/5.4.0/avrxmega7\libgcc.a(_clear_bss.o)
                0x0000038c                __do_clear_bss
 *(.init4)
 *(.init5)
 *(.init5)
 *(.init6)
 *(.init6)
 *(.init7)
 *(.init7)
 *(.init8)
 *(.init8)
 *(.init9)
 .init9         0x0000039c        0x8 D:/programs/AtmelStudio/7.0/Packs/atmel/XMEGAA_DFP/1.1.68/gcc/dev/atxmega128a1u/avrxmega7/crtatxmega128a1u.o
 *(.init9)
 *(.text)
 .text          0x000003a4        0x2 D:/programs/AtmelStudio/7.0/Packs/atmel/XMEGAA_DFP/1.1.68/gcc/dev/atxmega128a1u/avrxmega7/crtatxmega128a1u.o
                0x000003a4                __vector_38
                0x000003a4                __vector_104
                0x000003a4                __vector_63
                0x000003a4                __vector_28
                0x000003a4                __vector_67
                0x000003a4                __vector_1
                0x000003a4                __vector_119
                0x000003a4                __vector_32
                0x000003a4                __vector_75
                0x000003a4                __vector_91
                0x000003a4                __vector_34
                0x000003a4                __vector_62
                0x000003a4                __vector_102
                0x000003a4                __vector_24
                0x000003a4                __vector_12
                0x000003a4                __vector_69
                0x000003a4                __vector_90
                0x000003a4                __bad_interrupt
                0x000003a4                __vector_122
                0x000003a4                __vector_6
                0x000003a4                __vector_31
                0x000003a4                __vector_92
                0x000003a4                __vector_35
                0x000003a4                __vector_3
                0x000003a4                __vector_105
                0x000003a4                __vector_98
                0x000003a4                __vector_68
                0x000003a4                __vector_30
                0x000003a4                __vector_45
                0x000003a4                __vector_25
                0x000003a4                __vector_93
                0x000003a4                __vector_99
                0x000003a4                __vector_7
                0x000003a4                __vector_125
                0x000003a4                __vector_123
                0x000003a4                __vector_100
                0x000003a4                __vector_101
                0x000003a4                __vector_64
                0x000003a4                __vector_88
                0x000003a4                __vector_43
                0x000003a4                __vector_27
                0x000003a4                __vector_5
                0x000003a4                __vector_33
                0x000003a4                __vector_37
                0x000003a4                __vector_95
                0x000003a4                __vector_103
                0x000003a4                __vector_96
                0x000003a4                __vector_89
                0x000003a4                __vector_4
                0x000003a4                __vector_44
                0x000003a4                __vector_106
                0x000003a4                __vector_118
                0x000003a4                __vector_9
                0x000003a4                __vector_2
                0x000003a4                __vector_66
                0x000003a4                __vector_36
                0x000003a4                __vector_58
                0x000003a4                __vector_70
                0x000003a4                __vector_29
                0x000003a4                __vector_60
                0x000003a4                __vector_121
                0x000003a4                __vector_94
                0x000003a4                __vector_126
                0x000003a4                __vector_8
                0x000003a4                __vector_26
                0x000003a4                __vector_124
                0x000003a4                __vector_57
                0x000003a4                __vector_59
                0x000003a4                __vector_97
                0x000003a4                __vector_87
                0x000003a4                __vector_65
                0x000003a4                __vector_120
                0x000003a6                . = ALIGN (0x2)
 *(.text.*)
 .text._read    0x000003a6       0x32 src/ASF/common/utils/stdio/read.o
                0x000003a6                _read
 .text.adc_enable_clock
                0x000003d8       0x42 src/ASF/xmega/drivers/adc/adc.o
                0x000003d8                adc_enable_clock
 .text.adc_disable_clock
                0x0000041a       0x3e src/ASF/xmega/drivers/adc/adc.o
                0x0000041a                adc_disable_clock
 .text.adc_enable
                0x00000458       0x58 src/ASF/xmega/drivers/adc/adc.o
                0x00000458                adc_enable
 .text.adc_disable
                0x000004b0       0x4c src/ASF/xmega/drivers/adc/adc.o
                0x000004b0                adc_disable
 .text.twim_interrupt_handler
                0x000004fc      0x12e src/ASF/xmega/drivers/twi/twim.o
 .text.__vector_13
                0x0000062a       0x64 src/ASF/xmega/drivers/twi/twim.o
                0x0000062a                __vector_13
 .text.__vector_76
                0x0000068e       0x64 src/ASF/xmega/drivers/twi/twim.o
                0x0000068e                __vector_76
 .text.__vector_46
                0x000006f2       0x64 src/ASF/xmega/drivers/twi/twim.o
                0x000006f2                __vector_46
 .text.__vector_107
                0x00000756       0x64 src/ASF/xmega/drivers/twi/twim.o
                0x00000756                __vector_107
 .text.usart_putchar
                0x000007ba       0x10 src/ASF/xmega/drivers/usart/usart.o
                0x000007ba                usart_putchar
 .text.usart_getchar
                0x000007ca        0xc src/ASF/xmega/drivers/usart/usart.o
                0x000007ca                usart_getchar
 .text.usart_set_baudrate
                0x000007d6      0x226 src/ASF/xmega/drivers/usart/usart.o
                0x000007d6                usart_set_baudrate
 .text.usart_init_rs232
                0x000009fc      0x2c2 src/ASF/xmega/drivers/usart/usart.o
                0x000009fc                usart_init_rs232
 .text.adc_init
                0x00000cbe       0x96 src/drivers/adc_sensors.o
                0x00000cbe                adc_init
 .text.getADCRead
                0x00000d54       0x80 src/drivers/adc_sensors.o
                0x00000d54                getADCRead
 .text.thermistor_init
                0x00000dd4       0x14 src/drivers/adc_sensors.o
                0x00000dd4                thermistor_init
 .text.getTemperature
                0x00000de8       0x8c src/drivers/adc_sensors.o
                0x00000de8                getTemperature
 .text.__vector_71
                0x00000e74       0x7a src/ASF/xmega/drivers/adc/xmega_aau/adc_aau.o
                0x00000e74                __vector_71
 .text.__vector_72
                0x00000eee       0x7a src/ASF/xmega/drivers/adc/xmega_aau/adc_aau.o
                0x00000eee                __vector_72
 .text.__vector_73
                0x00000f68       0x7a src/ASF/xmega/drivers/adc/xmega_aau/adc_aau.o
                0x00000f68                __vector_73
 .text.__vector_74
                0x00000fe2       0x7a src/ASF/xmega/drivers/adc/xmega_aau/adc_aau.o
                0x00000fe2                __vector_74
 .text.__vector_39
                0x0000105c       0x7a src/ASF/xmega/drivers/adc/xmega_aau/adc_aau.o
                0x0000105c                __vector_39
 .text.__vector_40
                0x000010d6       0x7a src/ASF/xmega/drivers/adc/xmega_aau/adc_aau.o
                0x000010d6                __vector_40
 .text.__vector_41
                0x00001150       0x7a src/ASF/xmega/drivers/adc/xmega_aau/adc_aau.o
                0x00001150                __vector_41
 .text.__vector_42
                0x000011ca       0x7a src/ASF/xmega/drivers/adc/xmega_aau/adc_aau.o
                0x000011ca                __vector_42
 .text.adc_write_configuration
                0x00001244       0xd4 src/ASF/xmega/drivers/adc/xmega_aau/adc_aau.o
                0x00001244                adc_write_configuration
 .text.adc_read_configuration
                0x00001318       0x72 src/ASF/xmega/drivers/adc/xmega_aau/adc_aau.o
                0x00001318                adc_read_configuration
 .text.adcch_write_configuration
                0x0000138a       0x98 src/ASF/xmega/drivers/adc/xmega_aau/adc_aau.o
                0x0000138a                adcch_write_configuration
 .text.adcch_read_configuration
                0x00001422       0x9a src/ASF/xmega/drivers/adc/xmega_aau/adc_aau.o
                0x00001422                adcch_read_configuration
 .text._write   0x000014bc       0x24 src/ASF/common/utils/stdio/write.o
                0x000014bc                _write
 .text.usart_serial_write_packet
                0x000014e0       0x34 src/ASF/common/services/serial/usart_serial.o
                0x000014e0                usart_serial_write_packet
 .text.usart_serial_read_packet
                0x00001514       0x34 src/ASF/common/services/serial/usart_serial.o
                0x00001514                usart_serial_read_packet
 .text.sysclk_init
                0x00001548       0x6c src/ASF/common/services/clock/xmega/sysclk.o
                0x00001548                sysclk_init
 .text.sysclk_enable_module
                0x000015b4       0x2c src/ASF/common/services/clock/xmega/sysclk.o
                0x000015b4                sysclk_enable_module
 .text.sysclk_disable_module
                0x000015e0       0x2a src/ASF/common/services/clock/xmega/sysclk.o
                0x000015e0                sysclk_disable_module
 .text.__vector_10
                0x0000160a       0x46 src/ASF/xmega/drivers/rtc/rtc.o
                0x0000160a                __vector_10
 .text.__vector_11
                0x00001650      0x108 src/ASF/xmega/drivers/rtc/rtc.o
                0x00001650                __vector_11
 .text.__vector_14
                0x00001758       0x70 src/ASF/xmega/drivers/tc/tc.o
                0x00001758                __vector_14
 .text.__vector_15
                0x000017c8       0x70 src/ASF/xmega/drivers/tc/tc.o
                0x000017c8                __vector_15
 .text.__vector_16
                0x00001838       0x70 src/ASF/xmega/drivers/tc/tc.o
                0x00001838                __vector_16
 .text.__vector_17
                0x000018a8       0x70 src/ASF/xmega/drivers/tc/tc.o
                0x000018a8                __vector_17
 .text.__vector_18
                0x00001918       0x70 src/ASF/xmega/drivers/tc/tc.o
                0x00001918                __vector_18
 .text.__vector_19
                0x00001988       0x70 src/ASF/xmega/drivers/tc/tc.o
                0x00001988                __vector_19
 .text.__vector_20
                0x000019f8       0x70 src/ASF/xmega/drivers/tc/tc.o
                0x000019f8                __vector_20
 .text.__vector_21
                0x00001a68       0x70 src/ASF/xmega/drivers/tc/tc.o
                0x00001a68                __vector_21
 .text.__vector_22
                0x00001ad8       0x70 src/ASF/xmega/drivers/tc/tc.o
                0x00001ad8                __vector_22
 .text.__vector_23
                0x00001b48       0x70 src/ASF/xmega/drivers/tc/tc.o
                0x00001b48                __vector_23
 .text.__vector_77
                0x00001bb8       0x70 src/ASF/xmega/drivers/tc/tc.o
                0x00001bb8                __vector_77
 .text.__vector_78
                0x00001c28       0x70 src/ASF/xmega/drivers/tc/tc.o
                0x00001c28                __vector_78
 .text.__vector_79
                0x00001c98       0x70 src/ASF/xmega/drivers/tc/tc.o
                0x00001c98                __vector_79
 .text.__vector_80
                0x00001d08       0x70 src/ASF/xmega/drivers/tc/tc.o
                0x00001d08                __vector_80
 .text.__vector_81
                0x00001d78       0x70 src/ASF/xmega/drivers/tc/tc.o
                0x00001d78                __vector_81
 .text.__vector_82
                0x00001de8       0x70 src/ASF/xmega/drivers/tc/tc.o
                0x00001de8                __vector_82
 .text.__vector_83
                0x00001e58       0x70 src/ASF/xmega/drivers/tc/tc.o
                0x00001e58                __vector_83
 .text.__vector_84
                0x00001ec8       0x70 src/ASF/xmega/drivers/tc/tc.o
                0x00001ec8                __vector_84
 .text.__vector_85
                0x00001f38       0x70 src/ASF/xmega/drivers/tc/tc.o
                0x00001f38                __vector_85
 .text.__vector_86
                0x00001fa8       0x70 src/ASF/xmega/drivers/tc/tc.o
                0x00001fa8                __vector_86
 .text.__vector_47
                0x00002018       0x70 src/ASF/xmega/drivers/tc/tc.o
                0x00002018                __vector_47
 .text.__vector_48
                0x00002088       0x70 src/ASF/xmega/drivers/tc/tc.o
                0x00002088                __vector_48
 .text.__vector_49
                0x000020f8       0x70 src/ASF/xmega/drivers/tc/tc.o
                0x000020f8                __vector_49
 .text.__vector_50
                0x00002168       0x70 src/ASF/xmega/drivers/tc/tc.o
                0x00002168                __vector_50
 .text.__vector_51
                0x000021d8       0x70 src/ASF/xmega/drivers/tc/tc.o
                0x000021d8                __vector_51
 .text.__vector_52
                0x00002248       0x70 src/ASF/xmega/drivers/tc/tc.o
                0x00002248                __vector_52
 .text.__vector_53
                0x000022b8       0x70 src/ASF/xmega/drivers/tc/tc.o
                0x000022b8                __vector_53
 .text.__vector_54
                0x00002328       0x70 src/ASF/xmega/drivers/tc/tc.o
                0x00002328                __vector_54
 .text.__vector_55
                0x00002398       0x70 src/ASF/xmega/drivers/tc/tc.o
                0x00002398                __vector_55
 .text.__vector_56
                0x00002408       0x70 src/ASF/xmega/drivers/tc/tc.o
                0x00002408                __vector_56
 .text.__vector_108
                0x00002478       0x70 src/ASF/xmega/drivers/tc/tc.o
                0x00002478                __vector_108
 .text.__vector_109
                0x000024e8       0x70 src/ASF/xmega/drivers/tc/tc.o
                0x000024e8                __vector_109
 .text.__vector_110
                0x00002558       0x70 src/ASF/xmega/drivers/tc/tc.o
                0x00002558                __vector_110
 .text.__vector_111
                0x000025c8       0x70 src/ASF/xmega/drivers/tc/tc.o
                0x000025c8                __vector_111
 .text.__vector_112
                0x00002638       0x70 src/ASF/xmega/drivers/tc/tc.o
                0x00002638                __vector_112
 .text.__vector_113
                0x000026a8       0x70 src/ASF/xmega/drivers/tc/tc.o
                0x000026a8                __vector_113
 .text.__vector_114
                0x00002718       0x70 src/ASF/xmega/drivers/tc/tc.o
                0x00002718                __vector_114
 .text.__vector_115
                0x00002788       0x70 src/ASF/xmega/drivers/tc/tc.o
                0x00002788                __vector_115
 .text.__vector_116
                0x000027f8       0x70 src/ASF/xmega/drivers/tc/tc.o
                0x000027f8                __vector_116
 .text.__vector_117
                0x00002868       0x70 src/ASF/xmega/drivers/tc/tc.o
                0x00002868                __vector_117
 .text.nvm_read_byte
                0x000028d8       0x14 src/ASF/xmega/drivers/nvm/nvm_asm.o
                0x000028d8                nvm_read_byte
 .text.ccp_write_io
                0x000028ec        0xc src/ASF/xmega/drivers/cpu/ccp.o
                0x000028ec                ccp_write_io
 .text.ioport_configure_port_pin
                0x000028f8       0x4e src/ASF/common/services/ioport/xmega/ioport_compat.o
                0x000028f8                ioport_configure_port_pin
 .text.board_init
                0x00002946       0x1a src/ASF/xmega/boards/xmega_a1u_xplained_pro/board_init.o
                0x00002946                board_init
 .text.usart_serial_getchar
                0x00002960       0x12 src/drivers/uart.o
 .text.usart_serial_putchar
                0x00002972        0x6 src/drivers/uart.o
 .text.uart_init
                0x00002978      0x442 src/drivers/uart.o
                0x00002978                uart_init
 .text.UARTReadArray
                0x00002dba       0x3c src/drivers/uart.o
                0x00002dba                UARTReadArray
 .text.UARTWriteArray
                0x00002df6       0x3c src/drivers/uart.o
                0x00002df6                UARTWriteArray
 .text.gps_init
                0x00002e32       0x2c src/drivers/uart.o
                0x00002e32                gps_init
 .text.uart_terminal_init
                0x00002e5e       0xa0 src/drivers/uart.o
                0x00002e5e                uart_terminal_init
 .text.__vector_61
                0x00002efe       0x72 src/main.o
                0x00002efe                __vector_61
 .text.main     0x00002f70      0x172 src/main.o
                0x00002f70                main
 .text.avr-libc.fplib
                0x000030e2        0xa d:/programs/atmelstudio/7.0/toolchain/avr8/avr8-gnu-toolchain/bin/../lib/gcc/avr/5.4.0/../../../../avr/lib/avrxmega7\libm.a(addsf3.o)
                0x000030e2                __subsf3
                0x000030e4                __addsf3
 .text.avr-libc.fplib
                0x000030ec       0xc0 d:/programs/atmelstudio/7.0/toolchain/avr8/avr8-gnu-toolchain/bin/../lib/gcc/avr/5.4.0/../../../../avr/lib/avrxmega7\libm.a(addsf3x.o)
                0x00003106                __addsf3x
 .text.avr-libc.fplib
                0x000031ac        0x4 d:/programs/atmelstudio/7.0/toolchain/avr8/avr8-gnu-toolchain/bin/../lib/gcc/avr/5.4.0/../../../../avr/lib/avrxmega7\libm.a(divsf3.o)
                0x000031ac                __divsf3
 .text.avr-libc.fplib
                0x000031b0       0xcc d:/programs/atmelstudio/7.0/toolchain/avr8/avr8-gnu-toolchain/bin/../lib/gcc/avr/5.4.0/../../../../avr/lib/avrxmega7\libm.a(divsf3x.o)
                0x000031c6                __divsf3x
                0x000031ca                __divsf3_pse
 .text.avr-libc.fplib
                0x0000327c       0x7a d:/programs/atmelstudio/7.0/toolchain/avr8/avr8-gnu-toolchain/bin/../lib/gcc/avr/5.4.0/../../../../avr/lib/avrxmega7\libm.a(floatsisf.o)
                0x0000327c                __floatunsisf
                0x00003280                __floatsisf
 .text.avr-libc.fplib
                0x000032f6        0xc d:/programs/atmelstudio/7.0/toolchain/avr8/avr8-gnu-toolchain/bin/../lib/gcc/avr/5.4.0/../../../../avr/lib/avrxmega7\libm.a(fp_inf.o)
                0x000032f6                __fp_inf
 .text.avr-libc.fplib
                0x00003302        0x6 d:/programs/atmelstudio/7.0/toolchain/avr8/avr8-gnu-toolchain/bin/../lib/gcc/avr/5.4.0/../../../../avr/lib/avrxmega7\libm.a(fp_nan.o)
                0x00003302                __fp_nan
 .text.avr-libc.fplib
                0x00003308        0xe d:/programs/atmelstudio/7.0/toolchain/avr8/avr8-gnu-toolchain/bin/../lib/gcc/avr/5.4.0/../../../../avr/lib/avrxmega7\libm.a(fp_pscA.o)
                0x00003308                __fp_pscA
 .text.avr-libc.fplib
                0x00003316        0xe d:/programs/atmelstudio/7.0/toolchain/avr8/avr8-gnu-toolchain/bin/../lib/gcc/avr/5.4.0/../../../../avr/lib/avrxmega7\libm.a(fp_pscB.o)
                0x00003316                __fp_pscB
 .text.avr-libc.fplib
                0x00003324       0x22 d:/programs/atmelstudio/7.0/toolchain/avr8/avr8-gnu-toolchain/bin/../lib/gcc/avr/5.4.0/../../../../avr/lib/avrxmega7\libm.a(fp_round.o)
                0x00003324                __fp_round
 .text.avr-libc.fplib
                0x00003346       0x44 d:/programs/atmelstudio/7.0/toolchain/avr8/avr8-gnu-toolchain/bin/../lib/gcc/avr/5.4.0/../../../../avr/lib/avrxmega7\libm.a(fp_split3.o)
                0x00003346                __fp_split3
                0x00003356                __fp_splitA
 .text.avr-libc.fplib
                0x0000338a        0xe d:/programs/atmelstudio/7.0/toolchain/avr8/avr8-gnu-toolchain/bin/../lib/gcc/avr/5.4.0/../../../../avr/lib/avrxmega7\libm.a(fp_zero.o)
                0x0000338a                __fp_zero
                0x0000338c                __fp_szero
 .text.avr-libc.fplib
                0x00003398       0x8a d:/programs/atmelstudio/7.0/toolchain/avr8/avr8-gnu-toolchain/bin/../lib/gcc/avr/5.4.0/../../../../avr/lib/avrxmega7\libm.a(log.o)
                0x000033a2                log
 .text.avr-libc.fplib
                0x00003422        0x4 d:/programs/atmelstudio/7.0/toolchain/avr8/avr8-gnu-toolchain/bin/../lib/gcc/avr/5.4.0/../../../../avr/lib/avrxmega7\libm.a(mulsf3.o)
                0x00003422                __mulsf3
 .text.avr-libc.fplib
                0x00003426       0xc2 d:/programs/atmelstudio/7.0/toolchain/avr8/avr8-gnu-toolchain/bin/../lib/gcc/avr/5.4.0/../../../../avr/lib/avrxmega7\libm.a(mulsf3x.o)
                0x0000343a                __mulsf3x
                0x0000343e                __mulsf3_pse
 .text.avr-libc.fplib
                0x000034e8       0x1c d:/programs/atmelstudio/7.0/toolchain/avr8/avr8-gnu-toolchain/bin/../lib/gcc/avr/5.4.0/../../../../avr/lib/avrxmega7\libm.a(fp_mpack.o)
                0x000034e8                __fp_mpack
                0x000034ec                __fp_mpack_finite
 .text.avr-libc.fplib
                0x00003504       0x4a d:/programs/atmelstudio/7.0/toolchain/avr8/avr8-gnu-toolchain/bin/../lib/gcc/avr/5.4.0/../../../../avr/lib/avrxmega7\libm.a(fp_powser.o)
                0x00003504                __fp_powser
 .text.avr-libc
                0x0000354e      0x706 d:/programs/atmelstudio/7.0/toolchain/avr8/avr8-gnu-toolchain/bin/../lib/gcc/avr/5.4.0/../../../../avr/lib/avrxmega7\libprintf_flt.a(vfprintf_flt.o)
                0x0000354e                vfprintf
 .text.libgcc.div
                0x00003c54       0x44 d:/programs/atmelstudio/7.0/toolchain/avr8/avr8-gnu-toolchain/bin/../lib/gcc/avr/5.4.0/avrxmega7\libgcc.a(_udivmodsi4.o)
                0x00003c54                __udivmodsi4
 .text.avr-libc
                0x00003c98      0x1b0 d:/programs/atmelstudio/7.0/toolchain/avr8/avr8-gnu-toolchain/bin/../lib/gcc/avr/5.4.0/../../../../avr/lib/avrxmega7\libc.a(ftoa_engine.o)
                0x00003c98                __ftoa_engine
 .text.avr-libc
                0x00003e48       0x16 d:/programs/atmelstudio/7.0/toolchain/avr8/avr8-gnu-toolchain/bin/../lib/gcc/avr/5.4.0/../../../../avr/lib/avrxmega7\libc.a(strnlen_P.o)
                0x00003e48                strnlen_P
 .text.avr-libc
                0x00003e5e       0x16 d:/programs/atmelstudio/7.0/toolchain/avr8/avr8-gnu-toolchain/bin/../lib/gcc/avr/5.4.0/../../../../avr/lib/avrxmega7\libc.a(strnlen.o)
                0x00003e5e                strnlen
 .text.avr-libc
                0x00003e74       0x94 d:/programs/atmelstudio/7.0/toolchain/avr8/avr8-gnu-toolchain/bin/../lib/gcc/avr/5.4.0/../../../../avr/lib/avrxmega7\libc.a(fdevopen.o)
                0x00003e74                fdevopen
 .text.avr-libc
                0x00003f08       0x78 d:/programs/atmelstudio/7.0/toolchain/avr8/avr8-gnu-toolchain/bin/../lib/gcc/avr/5.4.0/../../../../avr/lib/avrxmega7\libc.a(fputc.o)
                0x00003f08                fputc
 .text.avr-libc
                0x00003f80       0x26 d:/programs/atmelstudio/7.0/toolchain/avr8/avr8-gnu-toolchain/bin/../lib/gcc/avr/5.4.0/../../../../avr/lib/avrxmega7\libc.a(printf.o)
                0x00003f80                printf
 .text.avr-libc
                0x00003fa6       0x60 d:/programs/atmelstudio/7.0/toolchain/avr8/avr8-gnu-toolchain/bin/../lib/gcc/avr/5.4.0/../../../../avr/lib/avrxmega7\libc.a(puts.o)
                0x00003fa6                puts
 .text.avr-libc
                0x00004006       0xbc d:/programs/atmelstudio/7.0/toolchain/avr8/avr8-gnu-toolchain/bin/../lib/gcc/avr/5.4.0/../../../../avr/lib/avrxmega7\libc.a(ultoa_invert.o)
                0x00004006                __ultoa_invert
 .text.avr-libc
                0x000040c2       0x34 d:/programs/atmelstudio/7.0/toolchain/avr8/avr8-gnu-toolchain/bin/../lib/gcc/avr/5.4.0/../../../../avr/lib/avrxmega7\libc.a(calloc.o)
                0x000040c2                calloc
 .text.avr-libc
                0x000040f6      0x242 d:/programs/atmelstudio/7.0/toolchain/avr8/avr8-gnu-toolchain/bin/../lib/gcc/avr/5.4.0/../../../../avr/lib/avrxmega7\libc.a(malloc.o)
                0x000040f6                malloc
                0x00004226                free
 .text.avr-libc
                0x00004338        0xe d:/programs/atmelstudio/7.0/toolchain/avr8/avr8-gnu-toolchain/bin/../lib/gcc/avr/5.4.0/../../../../avr/lib/avrxmega7\libc.a(memset.o)
                0x00004338                memset
                0x00004346                . = ALIGN (0x2)
 *(.fini9)
 .fini9         0x00004346        0x0 d:/programs/atmelstudio/7.0/toolchain/avr8/avr8-gnu-toolchain/bin/../lib/gcc/avr/5.4.0/avrxmega7\libgcc.a(_exit.o)
                0x00004346                _exit
                0x00004346                exit
 *(.fini9)
 *(.fini8)
 *(.fini8)
 *(.fini7)
 *(.fini7)
 *(.fini6)
 *(.fini6)
 *(.fini5)
 *(.fini5)
 *(.fini4)
 *(.fini4)
 *(.fini3)
 *(.fini3)
 *(.fini2)
 *(.fini2)
 *(.fini1)
 *(.fini1)
 *(.fini0)
 .fini0         0x00004346        0x4 d:/programs/atmelstudio/7.0/toolchain/avr8/avr8-gnu-toolchain/bin/../lib/gcc/avr/5.4.0/avrxmega7\libgcc.a(_exit.o)
 *(.fini0)
                0x0000434a                _etext = .

.data           0x00802000       0xda load address 0x0000434a
                0x00802000                PROVIDE (__data_start, .)
 *(.data)
 .data          0x00802000        0x6 d:/programs/atmelstudio/7.0/toolchain/avr8/avr8-gnu-toolchain/bin/../lib/gcc/avr/5.4.0/../../../../avr/lib/avrxmega7\libc.a(malloc.o)
                0x00802000                __malloc_heap_end
                0x00802002                __malloc_heap_start
                0x00802004                __malloc_margin
 *(.data*)
 .data.usart_config.7043
                0x00802006        0x7 src/drivers/uart.o
 .data.usart_options.7010
                0x0080200d        0x7 src/drivers/uart.o
 *(.gnu.linkonce.d*)
 *(.rodata)
 *(.rodata*)
 .rodata.str1.1
                0x00802014       0x18 src/drivers/adc_sensors.o
 .rodata.str1.1
                0x0080202c       0x36 src/drivers/uart.o
 .rodata.str1.1
                0x00802062       0x78 src/main.o
                                 0x79 (size before relaxing)
 *(.gnu.linkonce.r*)
                0x008020da                . = ALIGN (0x2)
                0x008020da                _edata = .
                0x008020da                PROVIDE (__data_end, .)

.bss            0x008020da       0x7f
                0x008020da                PROVIDE (__bss_start, .)
 *(.bss)
 *(.bss*)
 .bss.adcb_enable_count
                0x008020da        0x1 src/ASF/xmega/drivers/adc/adc.o
 .bss.adca_enable_count
                0x008020db        0x1 src/ASF/xmega/drivers/adc/adc.o
 .bss.transfer  0x008020dc        0xb src/ASF/xmega/drivers/twi/twim.o
 .bss.tc_tcf1_ccb_callback
                0x008020e7        0x2 src/ASF/xmega/drivers/tc/tc.o
 .bss.tc_tcf1_cca_callback
                0x008020e9        0x2 src/ASF/xmega/drivers/tc/tc.o
 .bss.tc_tcf1_err_callback
                0x008020eb        0x2 src/ASF/xmega/drivers/tc/tc.o
 .bss.tc_tcf1_ovf_callback
                0x008020ed        0x2 src/ASF/xmega/drivers/tc/tc.o
 .bss.tc_tcf0_ccd_callback
                0x008020ef        0x2 src/ASF/xmega/drivers/tc/tc.o
 .bss.tc_tcf0_ccc_callback
                0x008020f1        0x2 src/ASF/xmega/drivers/tc/tc.o
 .bss.tc_tcf0_ccb_callback
                0x008020f3        0x2 src/ASF/xmega/drivers/tc/tc.o
 .bss.tc_tcf0_cca_callback
                0x008020f5        0x2 src/ASF/xmega/drivers/tc/tc.o
 .bss.tc_tcf0_err_callback
                0x008020f7        0x2 src/ASF/xmega/drivers/tc/tc.o
 .bss.tc_tcf0_ovf_callback
                0x008020f9        0x2 src/ASF/xmega/drivers/tc/tc.o
 .bss.tc_tce1_ccb_callback
                0x008020fb        0x2 src/ASF/xmega/drivers/tc/tc.o
 .bss.tc_tce1_cca_callback
                0x008020fd        0x2 src/ASF/xmega/drivers/tc/tc.o
 .bss.tc_tce1_err_callback
                0x008020ff        0x2 src/ASF/xmega/drivers/tc/tc.o
 .bss.tc_tce1_ovf_callback
                0x00802101        0x2 src/ASF/xmega/drivers/tc/tc.o
 .bss.tc_tce0_ccd_callback
                0x00802103        0x2 src/ASF/xmega/drivers/tc/tc.o
 .bss.tc_tce0_ccc_callback
                0x00802105        0x2 src/ASF/xmega/drivers/tc/tc.o
 .bss.tc_tce0_ccb_callback
                0x00802107        0x2 src/ASF/xmega/drivers/tc/tc.o
 .bss.tc_tce0_cca_callback
                0x00802109        0x2 src/ASF/xmega/drivers/tc/tc.o
 .bss.tc_tce0_err_callback
                0x0080210b        0x2 src/ASF/xmega/drivers/tc/tc.o
 .bss.tc_tce0_ovf_callback
                0x0080210d        0x2 src/ASF/xmega/drivers/tc/tc.o
 .bss.tc_tcd1_ccb_callback
                0x0080210f        0x2 src/ASF/xmega/drivers/tc/tc.o
 .bss.tc_tcd1_cca_callback
                0x00802111        0x2 src/ASF/xmega/drivers/tc/tc.o
 .bss.tc_tcd1_err_callback
                0x00802113        0x2 src/ASF/xmega/drivers/tc/tc.o
 .bss.tc_tcd1_ovf_callback
                0x00802115        0x2 src/ASF/xmega/drivers/tc/tc.o
 .bss.tc_tcd0_ccd_callback
                0x00802117        0x2 src/ASF/xmega/drivers/tc/tc.o
 .bss.tc_tcd0_ccc_callback
                0x00802119        0x2 src/ASF/xmega/drivers/tc/tc.o
 .bss.tc_tcd0_ccb_callback
                0x0080211b        0x2 src/ASF/xmega/drivers/tc/tc.o
 .bss.tc_tcd0_cca_callback
                0x0080211d        0x2 src/ASF/xmega/drivers/tc/tc.o
 .bss.tc_tcd0_err_callback
                0x0080211f        0x2 src/ASF/xmega/drivers/tc/tc.o
 .bss.tc_tcd0_ovf_callback
                0x00802121        0x2 src/ASF/xmega/drivers/tc/tc.o
 .bss.tc_tcc1_ccb_callback
                0x00802123        0x2 src/ASF/xmega/drivers/tc/tc.o
 .bss.tc_tcc1_cca_callback
                0x00802125        0x2 src/ASF/xmega/drivers/tc/tc.o
 .bss.tc_tcc1_err_callback
                0x00802127        0x2 src/ASF/xmega/drivers/tc/tc.o
 .bss.tc_tcc1_ovf_callback
                0x00802129        0x2 src/ASF/xmega/drivers/tc/tc.o
 .bss.tc_tcc0_ccd_callback
                0x0080212b        0x2 src/ASF/xmega/drivers/tc/tc.o
 .bss.tc_tcc0_ccc_callback
                0x0080212d        0x2 src/ASF/xmega/drivers/tc/tc.o
 .bss.tc_tcc0_ccb_callback
                0x0080212f        0x2 src/ASF/xmega/drivers/tc/tc.o
 .bss.tc_tcc0_cca_callback
                0x00802131        0x2 src/ASF/xmega/drivers/tc/tc.o
 .bss.tc_tcc0_err_callback
                0x00802133        0x2 src/ASF/xmega/drivers/tc/tc.o
 .bss.tc_tcc0_ovf_callback
                0x00802135        0x2 src/ASF/xmega/drivers/tc/tc.o
 *(COMMON)
 COMMON         0x00802137        0x2 src/ASF/common/utils/stdio/read.o
                0x00802137                ptr_get
 COMMON         0x00802139        0x4 src/ASF/xmega/drivers/adc/adc.o
                0x00802139                adcb_callback
                0x0080213b                adca_callback
 COMMON         0x0080213d        0x4 src/ASF/common/utils/stdio/write.o
                0x0080213d                ptr_put
                0x0080213f                stdio_base
 COMMON         0x00802141        0x6 src/ASF/common/services/sleepmgr/xmega/sleepmgr.o
                0x00802141                sleepmgr_locks
 COMMON         0x00802147        0x8 src/ASF/xmega/drivers/rtc/rtc.o
                0x00802147                rtc_data
 COMMON         0x0080214f        0x6 d:/programs/atmelstudio/7.0/toolchain/avr8/avr8-gnu-toolchain/bin/../lib/gcc/avr/5.4.0/../../../../avr/lib/avrxmega7\libc.a(iob.o)
                0x0080214f                __iob
 COMMON         0x00802155        0x4 d:/programs/atmelstudio/7.0/toolchain/avr8/avr8-gnu-toolchain/bin/../lib/gcc/avr/5.4.0/../../../../avr/lib/avrxmega7\libc.a(malloc.o)
                0x00802155                __brkval
                0x00802157                __flp
                0x00802159                PROVIDE (__bss_end, .)
                0x0000434a                __data_load_start = LOADADDR (.data)
                0x00004424                __data_load_end = (__data_load_start + SIZEOF (.data))

.noinit         0x00802159        0x0
                [!provide]                PROVIDE (__noinit_start, .)
 *(.noinit*)
                [!provide]                PROVIDE (__noinit_end, .)
                0x00802159                _end = .
                0x00802159                PROVIDE (__heap_start, .)

.eeprom         0x00810000        0x0
 *(.eeprom*)
                0x00810000                __eeprom_end = .

.fuse
 *(.fuse)
 *(.lfuse)
 *(.hfuse)
 *(.efuse)

.lock
 *(.lock*)

.signature
 *(.signature*)

.user_signatures
 *(.user_signatures*)

.stab
 *(.stab)

.stabstr
 *(.stabstr)

.stab.excl
 *(.stab.excl)

.stab.exclstr
 *(.stab.exclstr)

.stab.index
 *(.stab.index)

.stab.indexstr
 *(.stab.indexstr)

.comment        0x00000000       0x5c
 *(.comment)
 .comment       0x00000000       0x30 src/ASF/common/utils/stdio/read.o
                                 0x31 (size before relaxing)
 .comment       0x00000030       0x31 src/ASF/xmega/drivers/adc/adc.o
 .comment       0x00000030       0x31 src/ASF/xmega/drivers/twi/twim.o
 .comment       0x00000030       0x31 src/ASF/xmega/drivers/usart/usart.o
 .comment       0x00000030       0x31 src/drivers/adc_sensors.o
 .comment       0x00000030       0x31 src/ASF/xmega/drivers/adc/xmega_aau/adc_aau.o
 .comment       0x00000030       0x31 src/ASF/common/utils/stdio/write.o
 .comment       0x00000030       0x31 src/ASF/common/services/sleepmgr/xmega/sleepmgr.o
 .comment       0x00000030       0x31 src/ASF/common/services/serial/usart_serial.o
 .comment       0x00000030       0x31 src/ASF/common/services/clock/xmega/sysclk.o
 .comment       0x00000030       0x31 src/ASF/xmega/drivers/rtc/rtc.o
 .comment       0x00000030       0x31 src/ASF/xmega/drivers/tc/tc.o
 .comment       0x00000030       0x31 src/ASF/common/services/ioport/xmega/ioport_compat.o
 .comment       0x00000030       0x31 src/ASF/xmega/boards/xmega_a1u_xplained_pro/board_init.o
 .comment       0x00000030       0x31 src/drivers/uart.o
 .comment       0x00000030       0x31 src/main.o
 .comment       0x00000030       0x2c d:/programs/atmelstudio/7.0/toolchain/avr8/avr8-gnu-toolchain/bin/../lib/gcc/avr/5.4.0/../../../../avr/lib/avrxmega7\libprintf_flt.a(vfprintf_flt.o)
                                 0x2d (size before relaxing)
 .comment       0x0000005c       0x31 d:/programs/atmelstudio/7.0/toolchain/avr8/avr8-gnu-toolchain/bin/../lib/gcc/avr/5.4.0/../../../../avr/lib/avrxmega7\libc.a(fdevopen.o)
 .comment       0x0000005c       0x31 d:/programs/atmelstudio/7.0/toolchain/avr8/avr8-gnu-toolchain/bin/../lib/gcc/avr/5.4.0/../../../../avr/lib/avrxmega7\libc.a(fputc.o)
 .comment       0x0000005c       0x31 d:/programs/atmelstudio/7.0/toolchain/avr8/avr8-gnu-toolchain/bin/../lib/gcc/avr/5.4.0/../../../../avr/lib/avrxmega7\libc.a(iob.o)
 .comment       0x0000005c       0x31 d:/programs/atmelstudio/7.0/toolchain/avr8/avr8-gnu-toolchain/bin/../lib/gcc/avr/5.4.0/../../../../avr/lib/avrxmega7\libc.a(printf.o)
 .comment       0x0000005c       0x31 d:/programs/atmelstudio/7.0/toolchain/avr8/avr8-gnu-toolchain/bin/../lib/gcc/avr/5.4.0/../../../../avr/lib/avrxmega7\libc.a(puts.o)
 .comment       0x0000005c       0x31 d:/programs/atmelstudio/7.0/toolchain/avr8/avr8-gnu-toolchain/bin/../lib/gcc/avr/5.4.0/../../../../avr/lib/avrxmega7\libc.a(calloc.o)
 .comment       0x0000005c       0x31 d:/programs/atmelstudio/7.0/toolchain/avr8/avr8-gnu-toolchain/bin/../lib/gcc/avr/5.4.0/../../../../avr/lib/avrxmega7\libc.a(malloc.o)

.note.gnu.avr.deviceinfo
                0x00000000       0x40
 .note.gnu.avr.deviceinfo
                0x00000000       0x40 D:/programs/AtmelStudio/7.0/Packs/atmel/XMEGAA_DFP/1.1.68/gcc/dev/atxmega128a1u/avrxmega7/crtatxmega128a1u.o

.note.gnu.build-id
 *(.note.gnu.build-id)

.debug
 *(.debug)

.line
 *(.line)

.debug_srcinfo
 *(.debug_srcinfo)

.debug_sfnames
 *(.debug_sfnames)

.debug_aranges  0x00000000      0x568
 *(.debug_aranges)
 .debug_aranges
                0x00000000       0x20 src/ASF/common/utils/stdio/read.o
 .debug_aranges
                0x00000020       0x48 src/ASF/xmega/drivers/adc/adc.o
 .debug_aranges
                0x00000068       0x50 src/ASF/xmega/drivers/twi/twim.o
 .debug_aranges
                0x000000b8       0x58 src/ASF/xmega/drivers/usart/usart.o
 .debug_aranges
                0x00000110       0x38 src/drivers/adc_sensors.o
 .debug_aranges
                0x00000148       0x78 src/ASF/xmega/drivers/adc/xmega_aau/adc_aau.o
 .debug_aranges
                0x000001c0       0x20 src/ASF/common/utils/stdio/write.o
 .debug_aranges
                0x000001e0       0x18 src/ASF/common/services/sleepmgr/xmega/sleepmgr.o
 .debug_aranges
                0x000001f8       0x28 src/ASF/common/services/serial/usart_serial.o
 .debug_aranges
                0x00000220       0x40 src/ASF/common/services/clock/xmega/sysclk.o
 .debug_aranges
                0x00000260       0x58 src/ASF/xmega/drivers/rtc/rtc.o
 .debug_aranges
                0x000002b8      0x198 src/ASF/xmega/drivers/tc/tc.o
 .debug_aranges
                0x00000450       0x28 src/ASF/xmega/drivers/nvm/nvm_asm.o
 .debug_aranges
                0x00000478       0x20 src/ASF/xmega/drivers/cpu/ccp.o
 .debug_aranges
                0x00000498       0x20 src/ASF/common/services/ioport/xmega/ioport_compat.o
 .debug_aranges
                0x000004b8       0x20 src/ASF/xmega/boards/xmega_a1u_xplained_pro/board_init.o
 .debug_aranges
                0x000004d8       0x68 src/drivers/uart.o
 .debug_aranges
                0x00000540       0x28 src/main.o

.debug_pubnames
 *(.debug_pubnames)

.debug_info     0x00000000    0x11387
 *(.debug_info .gnu.linkonce.wi.*)
 .debug_info    0x00000000     0x3e5a D:/programs/AtmelStudio/7.0/Packs/atmel/XMEGAA_DFP/1.1.68/gcc/dev/atxmega128a1u/avrxmega7/crtatxmega128a1u.o
 .debug_info    0x00003e5a      0x119 src/ASF/common/utils/stdio/read.o
 .debug_info    0x00003f73      0xa8f src/ASF/xmega/drivers/adc/adc.o
 .debug_info    0x00004a02      0x965 src/ASF/xmega/drivers/twi/twim.o
 .debug_info    0x00005367     0x327c src/ASF/xmega/drivers/usart/usart.o
 .debug_info    0x000085e3     0x137a src/drivers/adc_sensors.o
 .debug_info    0x0000995d      0xe9a src/ASF/xmega/drivers/adc/xmega_aau/adc_aau.o
 .debug_info    0x0000a7f7      0x119 src/ASF/common/utils/stdio/write.o
 .debug_info    0x0000a910      0x129 src/ASF/common/services/sleepmgr/xmega/sleepmgr.o
 .debug_info    0x0000aa39      0x3a3 src/ASF/common/services/serial/usart_serial.o
 .debug_info    0x0000addc      0x846 src/ASF/common/services/clock/xmega/sysclk.o
 .debug_info    0x0000b622      0x714 src/ASF/xmega/drivers/rtc/rtc.o
 .debug_info    0x0000bd36     0x1a38 src/ASF/xmega/drivers/tc/tc.o
 .debug_info    0x0000d76e       0x9c src/ASF/xmega/drivers/nvm/nvm_asm.o
 .debug_info    0x0000d80a       0x9c src/ASF/xmega/drivers/cpu/ccp.o
 .debug_info    0x0000d8a6      0x121 src/ASF/common/services/ioport/xmega/ioport_compat.o
 .debug_info    0x0000d9c7      0x3db src/ASF/xmega/boards/xmega_a1u_xplained_pro/board_init.o
 .debug_info    0x0000dda2     0x2bcc src/drivers/uart.o
 .debug_info    0x0001096e      0xa19 src/main.o

.debug_abbrev   0x00000000     0x5f1b
 *(.debug_abbrev)
 .debug_abbrev  0x00000000     0x3b0e D:/programs/AtmelStudio/7.0/Packs/atmel/XMEGAA_DFP/1.1.68/gcc/dev/atxmega128a1u/avrxmega7/crtatxmega128a1u.o
 .debug_abbrev  0x00003b0e       0xc5 src/ASF/common/utils/stdio/read.o
 .debug_abbrev  0x00003bd3      0x2b4 src/ASF/xmega/drivers/adc/adc.o
 .debug_abbrev  0x00003e87      0x2f8 src/ASF/xmega/drivers/twi/twim.o
 .debug_abbrev  0x0000417f      0x3f5 src/ASF/xmega/drivers/usart/usart.o
 .debug_abbrev  0x00004574      0x3f2 src/drivers/adc_sensors.o
 .debug_abbrev  0x00004966      0x320 src/ASF/xmega/drivers/adc/xmega_aau/adc_aau.o
 .debug_abbrev  0x00004c86       0xa7 src/ASF/common/utils/stdio/write.o
 .debug_abbrev  0x00004d2d       0x84 src/ASF/common/services/sleepmgr/xmega/sleepmgr.o
 .debug_abbrev  0x00004db1      0x17b src/ASF/common/services/serial/usart_serial.o
 .debug_abbrev  0x00004f2c      0x241 src/ASF/common/services/clock/xmega/sysclk.o
 .debug_abbrev  0x0000516d      0x2df src/ASF/xmega/drivers/rtc/rtc.o
 .debug_abbrev  0x0000544c      0x29b src/ASF/xmega/drivers/tc/tc.o
 .debug_abbrev  0x000056e7       0x12 src/ASF/xmega/drivers/nvm/nvm_asm.o
 .debug_abbrev  0x000056f9       0x14 src/ASF/xmega/drivers/cpu/ccp.o
 .debug_abbrev  0x0000570d       0x95 src/ASF/common/services/ioport/xmega/ioport_compat.o
 .debug_abbrev  0x000057a2      0x14a src/ASF/xmega/boards/xmega_a1u_xplained_pro/board_init.o
 .debug_abbrev  0x000058ec      0x3af src/drivers/uart.o
 .debug_abbrev  0x00005c9b      0x280 src/main.o

.debug_line     0x00000000     0x8b77
 *(.debug_line .debug_line.* .debug_line_end)
 .debug_line    0x00000000      0x3b5 D:/programs/AtmelStudio/7.0/Packs/atmel/XMEGAA_DFP/1.1.68/gcc/dev/atxmega128a1u/avrxmega7/crtatxmega128a1u.o
 .debug_line    0x000003b5      0x3a3 src/ASF/common/utils/stdio/read.o
 .debug_line    0x00000758      0x7aa src/ASF/xmega/drivers/adc/adc.o
 .debug_line    0x00000f02      0x641 src/ASF/xmega/drivers/twi/twim.o
 .debug_line    0x00001543      0xd8a src/ASF/xmega/drivers/usart/usart.o
 .debug_line    0x000022cd      0xcc6 src/drivers/adc_sensors.o
 .debug_line    0x00002f93      0x95a src/ASF/xmega/drivers/adc/xmega_aau/adc_aau.o
 .debug_line    0x000038ed      0x3aa src/ASF/common/utils/stdio/write.o
 .debug_line    0x00003c97      0x426 src/ASF/common/services/sleepmgr/xmega/sleepmgr.o
 .debug_line    0x000040bd      0x603 src/ASF/common/services/serial/usart_serial.o
 .debug_line    0x000046c0      0x68f src/ASF/common/services/clock/xmega/sysclk.o
 .debug_line    0x00004d4f      0x7b2 src/ASF/xmega/drivers/rtc/rtc.o
 .debug_line    0x00005501      0xf97 src/ASF/xmega/drivers/tc/tc.o
 .debug_line    0x00006498      0x11f src/ASF/xmega/drivers/nvm/nvm_asm.o
 .debug_line    0x000065b7       0x6e src/ASF/xmega/drivers/cpu/ccp.o
 .debug_line    0x00006625      0x483 src/ASF/common/services/ioport/xmega/ioport_compat.o
 .debug_line    0x00006aa8      0x4ba src/ASF/xmega/boards/xmega_a1u_xplained_pro/board_init.o
 .debug_line    0x00006f62      0xfea src/drivers/uart.o
 .debug_line    0x00007f4c      0xc2b src/main.o

.debug_frame    0x00000000     0x1bac
 *(.debug_frame)
 .debug_frame   0x00000000       0x34 src/ASF/common/utils/stdio/read.o
 .debug_frame   0x00000034       0xbc src/ASF/xmega/drivers/adc/adc.o
 .debug_frame   0x000000f0      0x1c0 src/ASF/xmega/drivers/twi/twim.o
 .debug_frame   0x000002b0      0x150 src/ASF/xmega/drivers/usart/usart.o
 .debug_frame   0x00000400       0x9c src/drivers/adc_sensors.o
 .debug_frame   0x0000049c      0x3e4 src/ASF/xmega/drivers/adc/xmega_aau/adc_aau.o
 .debug_frame   0x00000880       0x24 src/ASF/common/utils/stdio/write.o
 .debug_frame   0x000008a4       0x74 src/ASF/common/services/serial/usart_serial.o
 .debug_frame   0x00000918       0xa4 src/ASF/common/services/clock/xmega/sysclk.o
 .debug_frame   0x000009bc      0x144 src/ASF/xmega/drivers/rtc/rtc.o
 .debug_frame   0x00000b00      0xe84 src/ASF/xmega/drivers/tc/tc.o
 .debug_frame   0x00001984       0x30 src/ASF/common/services/ioport/xmega/ioport_compat.o
 .debug_frame   0x000019b4       0x24 src/ASF/xmega/boards/xmega_a1u_xplained_pro/board_init.o
 .debug_frame   0x000019d8      0x13c src/drivers/uart.o
 .debug_frame   0x00001b14       0x98 src/main.o

.debug_str      0x00000000    0x36aeb
 *(.debug_str)
 .debug_str     0x00000000     0x2969 D:/programs/AtmelStudio/7.0/Packs/atmel/XMEGAA_DFP/1.1.68/gcc/dev/atxmega128a1u/avrxmega7/crtatxmega128a1u.o
 .debug_str     0x00002969    0x2b804 src/ASF/common/utils/stdio/read.o
                              0x2be4d (size before relaxing)
 .debug_str     0x0002e16d     0x3a72 src/ASF/xmega/drivers/adc/adc.o
                              0x2f90b (size before relaxing)
 .debug_str     0x00031bdf      0x5c4 src/ASF/xmega/drivers/twi/twim.o
                              0x2c500 (size before relaxing)
 .debug_str     0x000321a3     0x131c src/ASF/xmega/drivers/usart/usart.o
                              0x30347 (size before relaxing)
 .debug_str     0x000334bf     0x21a4 src/drivers/adc_sensors.o
                              0x321d0 (size before relaxing)
 .debug_str     0x00035663      0x4f2 src/ASF/xmega/drivers/adc/xmega_aau/adc_aau.o
                              0x2fb9e (size before relaxing)
 .debug_str     0x00035b55       0x26 src/ASF/common/utils/stdio/write.o
                              0x2be4f (size before relaxing)
 .debug_str     0x00035b7b       0x35 src/ASF/common/services/sleepmgr/xmega/sleepmgr.o
                              0x2c1f2 (size before relaxing)
 .debug_str     0x00035bb0       0x97 src/ASF/common/services/serial/usart_serial.o
                              0x2ed1b (size before relaxing)
 .debug_str     0x00035c47      0x232 src/ASF/common/services/clock/xmega/sysclk.o
                              0x2eef8 (size before relaxing)
 .debug_str     0x00035e79      0x2be src/ASF/xmega/drivers/rtc/rtc.o
                              0x2f2db (size before relaxing)
 .debug_str     0x00036137      0x6fb src/ASF/xmega/drivers/tc/tc.o
                              0x2f956 (size before relaxing)
 .debug_str     0x00036832       0x77 src/ASF/common/services/ioport/xmega/ioport_compat.o
                              0x2c4e6 (size before relaxing)
 .debug_str     0x000368a9       0x5c src/ASF/xmega/boards/xmega_a1u_xplained_pro/board_init.o
                              0x2e7c7 (size before relaxing)
 .debug_str     0x00036905      0x107 src/drivers/uart.o
                              0x32183 (size before relaxing)
 .debug_str     0x00036a0c       0xdf src/main.o
                              0x31787 (size before relaxing)

.debug_loc      0x00000000     0x5b96
 *(.debug_loc)
 .debug_loc     0x00000000       0x6e src/ASF/common/utils/stdio/read.o
 .debug_loc     0x0000006e      0x2b3 src/ASF/xmega/drivers/adc/adc.o
 .debug_loc     0x00000321      0x6fe src/ASF/xmega/drivers/twi/twim.o
 .debug_loc     0x00000a1f      0xe0d src/ASF/xmega/drivers/usart/usart.o
 .debug_loc     0x0000182c      0x5ad src/drivers/adc_sensors.o
 .debug_loc     0x00001dd9      0xd3c src/ASF/xmega/drivers/adc/xmega_aau/adc_aau.o
 .debug_loc     0x00002b15       0x52 src/ASF/common/utils/stdio/write.o
 .debug_loc     0x00002b67      0x273 src/ASF/common/services/serial/usart_serial.o
 .debug_loc     0x00002dda      0x301 src/ASF/common/services/clock/xmega/sysclk.o
 .debug_loc     0x000030db      0x2dd src/ASF/xmega/drivers/rtc/rtc.o
 .debug_loc     0x000033b8     0x2122 src/ASF/xmega/drivers/tc/tc.o
 .debug_loc     0x000054da       0x66 src/ASF/common/services/ioport/xmega/ioport_compat.o
 .debug_loc     0x00005540       0x54 src/ASF/xmega/boards/xmega_a1u_xplained_pro/board_init.o
 .debug_loc     0x00005594      0x4b4 src/drivers/uart.o
 .debug_loc     0x00005a48      0x14e src/main.o

.debug_macinfo
 *(.debug_macinfo)

.debug_weaknames
 *(.debug_weaknames)

.debug_funcnames
 *(.debug_funcnames)

.debug_typenames
 *(.debug_typenames)

.debug_varnames
 *(.debug_varnames)

.debug_pubtypes
 *(.debug_pubtypes)

.debug_ranges   0x00000000      0x4e8
 *(.debug_ranges)
 .debug_ranges  0x00000000       0x10 src/ASF/common/utils/stdio/read.o
 .debug_ranges  0x00000010       0x38 src/ASF/xmega/drivers/adc/adc.o
 .debug_ranges  0x00000048       0xa0 src/ASF/xmega/drivers/twi/twim.o
 .debug_ranges  0x000000e8       0x80 src/ASF/xmega/drivers/usart/usart.o
 .debug_ranges  0x00000168       0x28 src/drivers/adc_sensors.o
 .debug_ranges  0x00000190       0x68 src/ASF/xmega/drivers/adc/xmega_aau/adc_aau.o
 .debug_ranges  0x000001f8       0x10 src/ASF/common/utils/stdio/write.o
 .debug_ranges  0x00000208       0x18 src/ASF/common/services/serial/usart_serial.o
 .debug_ranges  0x00000220       0x30 src/ASF/common/services/clock/xmega/sysclk.o
 .debug_ranges  0x00000250       0x48 src/ASF/xmega/drivers/rtc/rtc.o
 .debug_ranges  0x00000298      0x188 src/ASF/xmega/drivers/tc/tc.o
 .debug_ranges  0x00000420       0x20 src/ASF/xmega/drivers/nvm/nvm_asm.o
 .debug_ranges  0x00000440       0x10 src/ASF/common/services/ioport/xmega/ioport_compat.o
 .debug_ranges  0x00000450       0x10 src/ASF/xmega/boards/xmega_a1u_xplained_pro/board_init.o
 .debug_ranges  0x00000460       0x70 src/drivers/uart.o
 .debug_ranges  0x000004d0       0x18 src/main.o

.debug_macro    0x00000000     0xd61d
 *(.debug_macro)
 .debug_macro   0x00000000      0x16d src/ASF/common/utils/stdio/read.o
 .debug_macro   0x0000016d      0xa96 src/ASF/common/utils/stdio/read.o
 .debug_macro   0x00000c03       0x10 src/ASF/common/utils/stdio/read.o
 .debug_macro   0x00000c13      0x1c9 src/ASF/common/utils/stdio/read.o
 .debug_macro   0x00000ddc      0x2fc src/ASF/common/utils/stdio/read.o
 .debug_macro   0x000010d8       0x9e src/ASF/common/utils/stdio/read.o
 .debug_macro   0x00001176     0x6dbc src/ASF/common/utils/stdio/read.o
 .debug_macro   0x00007f32       0x9a src/ASF/common/utils/stdio/read.o
 .debug_macro   0x00007fcc       0xf1 src/ASF/common/utils/stdio/read.o
 .debug_macro   0x000080bd       0x34 src/ASF/common/utils/stdio/read.o
 .debug_macro   0x000080f1       0x16 src/ASF/common/utils/stdio/read.o
 .debug_macro   0x00008107       0x18 src/ASF/common/utils/stdio/read.o
 .debug_macro   0x0000811f       0x5e src/ASF/common/utils/stdio/read.o
 .debug_macro   0x0000817d       0x10 src/ASF/common/utils/stdio/read.o
 .debug_macro   0x0000818d       0x22 src/ASF/common/utils/stdio/read.o
 .debug_macro   0x000081af      0x16d src/ASF/common/utils/stdio/read.o
 .debug_macro   0x0000831c       0x1c src/ASF/common/utils/stdio/read.o
 .debug_macro   0x00008338       0x35 src/ASF/common/utils/stdio/read.o
 .debug_macro   0x0000836d       0x66 src/ASF/common/utils/stdio/read.o
 .debug_macro   0x000083d3      0x708 src/ASF/common/utils/stdio/read.o
 .debug_macro   0x00008adb       0x96 src/ASF/common/utils/stdio/read.o
 .debug_macro   0x00008b71       0x17 src/ASF/common/utils/stdio/read.o
 .debug_macro   0x00008b88      0x250 src/ASF/common/utils/stdio/read.o
 .debug_macro   0x00008dd8       0x76 src/ASF/common/utils/stdio/read.o
 .debug_macro   0x00008e4e       0x16 src/ASF/common/utils/stdio/read.o
 .debug_macro   0x00008e64      0x6d9 src/ASF/common/utils/stdio/read.o
 .debug_macro   0x0000953d       0x10 src/ASF/common/utils/stdio/read.o
 .debug_macro   0x0000954d      0x175 src/ASF/common/utils/stdio/read.o
 .debug_macro   0x000096c2       0x40 src/ASF/common/utils/stdio/read.o
 .debug_macro   0x00009702       0x69 src/ASF/common/utils/stdio/read.o
 .debug_macro   0x0000976b       0x31 src/ASF/common/utils/stdio/read.o
 .debug_macro   0x0000979c       0xe4 src/ASF/common/utils/stdio/read.o
 .debug_macro   0x00009880      0x23f src/ASF/xmega/drivers/adc/adc.o
 .debug_macro   0x00009abf       0x10 src/ASF/xmega/drivers/adc/adc.o
 .debug_macro   0x00009acf       0x20 src/ASF/xmega/drivers/adc/adc.o
 .debug_macro   0x00009aef       0x10 src/ASF/xmega/drivers/adc/adc.o
 .debug_macro   0x00009aff       0x42 src/ASF/xmega/drivers/adc/adc.o
 .debug_macro   0x00009b41       0x22 src/ASF/xmega/drivers/adc/adc.o
 .debug_macro   0x00009b63      0x2d8 src/ASF/xmega/drivers/adc/adc.o
 .debug_macro   0x00009e3b      0x52b src/ASF/xmega/drivers/adc/adc.o
 .debug_macro   0x0000a366       0x79 src/ASF/xmega/drivers/adc/adc.o
 .debug_macro   0x0000a3df       0x2f src/ASF/xmega/drivers/adc/adc.o
 .debug_macro   0x0000a40e      0x154 src/ASF/xmega/drivers/adc/adc.o
 .debug_macro   0x0000a562       0xe3 src/ASF/xmega/drivers/adc/adc.o
 .debug_macro   0x0000a645      0x198 src/ASF/xmega/drivers/twi/twim.o
 .debug_macro   0x0000a7dd       0x16 src/ASF/xmega/drivers/twi/twim.o
 .debug_macro   0x0000a7f3       0x22 src/ASF/xmega/drivers/twi/twim.o
 .debug_macro   0x0000a815       0x10 src/ASF/xmega/drivers/twi/twim.o
 .debug_macro   0x0000a825      0x231 src/ASF/xmega/drivers/usart/usart.o
 .debug_macro   0x0000aa56      0x302 src/ASF/xmega/drivers/usart/usart.o
 .debug_macro   0x0000ad58       0x34 src/ASF/xmega/drivers/usart/usart.o
 .debug_macro   0x0000ad8c       0x9a src/ASF/xmega/drivers/usart/usart.o
 .debug_macro   0x0000ae26      0x102 src/ASF/xmega/drivers/usart/usart.o
 .debug_macro   0x0000af28      0x465 src/drivers/adc_sensors.o
 .debug_macro   0x0000b38d       0x34 src/drivers/adc_sensors.o
 .debug_macro   0x0000b3c1       0x22 src/drivers/adc_sensors.o
 .debug_macro   0x0000b3e3       0x28 src/drivers/adc_sensors.o
 .debug_macro   0x0000b40b       0x22 src/drivers/adc_sensors.o
 .debug_macro   0x0000b42d       0x40 src/drivers/adc_sensors.o
 .debug_macro   0x0000b46d       0x12 src/drivers/adc_sensors.o
 .debug_macro   0x0000b47f       0x1c src/drivers/adc_sensors.o
 .debug_macro   0x0000b49b       0x2e src/drivers/adc_sensors.o
 .debug_macro   0x0000b4c9       0x58 src/drivers/adc_sensors.o
 .debug_macro   0x0000b521       0x10 src/drivers/adc_sensors.o
 .debug_macro   0x0000b531       0xf2 src/drivers/adc_sensors.o
 .debug_macro   0x0000b623       0x3a src/drivers/adc_sensors.o
 .debug_macro   0x0000b65d       0x28 src/drivers/adc_sensors.o
 .debug_macro   0x0000b685       0x10 src/drivers/adc_sensors.o
 .debug_macro   0x0000b695      0x160 src/drivers/adc_sensors.o
 .debug_macro   0x0000b7f5       0x16 src/drivers/adc_sensors.o
 .debug_macro   0x0000b80b       0x34 src/drivers/adc_sensors.o
 .debug_macro   0x0000b83f       0x2e src/drivers/adc_sensors.o
 .debug_macro   0x0000b86d       0xb8 src/drivers/adc_sensors.o
 .debug_macro   0x0000b925       0x28 src/drivers/adc_sensors.o
 .debug_macro   0x0000b94d      0x23f src/ASF/xmega/drivers/adc/xmega_aau/adc_aau.o
 .debug_macro   0x0000bb8c      0x16d src/ASF/common/utils/stdio/write.o
 .debug_macro   0x0000bcf9      0x1a3 src/ASF/common/services/sleepmgr/xmega/sleepmgr.o
 .debug_macro   0x0000be9c      0x223 src/ASF/common/services/serial/usart_serial.o
 .debug_macro   0x0000c0bf      0x1eb src/ASF/common/services/clock/xmega/sysclk.o
 .debug_macro   0x0000c2aa       0x26 src/ASF/common/services/clock/xmega/sysclk.o
 .debug_macro   0x0000c2d0      0x237 src/ASF/xmega/drivers/rtc/rtc.o
 .debug_macro   0x0000c507      0x235 src/ASF/xmega/drivers/tc/tc.o
 .debug_macro   0x0000c73c      0x193 src/ASF/common/services/ioport/xmega/ioport_compat.o
 .debug_macro   0x0000c8cf      0x1bc src/ASF/xmega/boards/xmega_a1u_xplained_pro/board_init.o
 .debug_macro   0x0000ca8b      0x2d2 src/ASF/xmega/boards/xmega_a1u_xplained_pro/board_init.o
 .debug_macro   0x0000cd5d      0x465 src/drivers/uart.o
 .debug_macro   0x0000d1c2      0x45b src/main.o
OUTPUT(ValkyriePrototype.elf elf32-avr)
LOAD linker stubs

.BOOT           0x00020000        0x0
